<html>
<body>
<pre>
<h1>µVision Build Log</h1>
<h2>Tool Versions:</h2>
IDE-Version: µVision V5.15
Copyright (C) 2015 ARM Ltd and ARM Germany GmbH. All rights reserved.
License Information: ECE MCGILL, MCGILL UNI, LIC=----
 
Tool Versions:
Toolchain:       MDK-Lite  Version: 5.15.0
Toolchain Path:  C:\Keil_v5\ARM\ARMCC\Bin
C Compiler:      Armcc.exe V5.05 update 2 (build 169)
Assembler:       Armasm.exe V5.05 update 2 (build 169)
Linker/Locator:  ArmLink.exe V5.05 update 2 (build 169)
Library Manager: ArmAr.exe V5.05 update 2 (build 169)
Hex Converter:   FromElf.exe V5.05 update 2 (build 169)
CPU DLL:         SARMCM3.DLL V5.15.0
Dialog DLL:      DCM.DLL V1.13.2.0
Target DLL:      STLink\ST-LINKIII-KEIL_SWO.dll V2.0.15.0_KEIL
Dialog DLL:      TCM.DLL V1.14.5.0
 
<h2>Project:</h2>
\\campus.mcgill.ca\EMF\ELE\malam26\Desktop\ECSE_444_LABS-master\ECSE_444_LABS-master\G14_Lab3\MDK-ARM\GXX_Lab3.uvprojx
Project File Date:  10/03/2018

<h2>Output:</h2>
*** Using Compiler 'V5.05 update 2 (build 169)', folder: 'C:\Keil_v5\ARM\ARMCC\Bin'
Build target 'GXX_Lab3'
compiling main.c...
../Src/main.c(26): warning:  #177-D: variable "holder" was declared but never referenced
        char holder;
../Src/main.c(27): warning:  #177-D: variable "holder2" was declared but never referenced
        char holder2;
../Src/main.c(29): warning:  #177-D: variable "ch" was declared but never referenced
        char ch[5] = {'j','o','b','s','\n'};
../Src/main.c(90): warning:  #167-D: argument of type "char *" is incompatible with parameter of type "uint8_t *"
        HAL_UART_Transmit(uart_pointer, array_ptr, no_of_items, 30000);
../Src/main.c: 4 warnings, 0 errors
linking...
GXX_Lab3\GXX_Lab3.axf: Warning: L6988W: Ignoring unknown patch sdcomp-29491-629360.
Program Size: Code=9112 RO-data=496 RW-data=24 ZI-data=1248  
Finished: 0 information, 1 warning and 0 error messages.
FromELF: creating hex file...
"GXX_Lab3\GXX_Lab3.axf" - 0 Error(s), 5 Warning(s).

<h2>Software Packages used:</h2>

Package Vendor: ARM
                http://www.keil.com/pack/ARM.CMSIS.5.3.0.pack
                ARM::CMSIS:CORE:5.1.1
                CMSIS (Cortex Microcontroller Software Interface Standard)
   * Component: CORE Version: 5.1.1

<h2>Collection of Component include folders:</h2>
  \\campus.mcgill.ca\EMF\ELE\malam26\Desktop\ECSE_444_LABS-master\ECSE_444_LABS-master\G14_Lab3\MDK-ARM\RTE
  C:\Keil_v5\ARM\PACK\ARM\CMSIS\5.3.0\CMSIS\Include
  C:\Keil_v5\ARM\PACK\Keil\STM32L4xx_DFP\2.0.0\Drivers\CMSIS\Device\ST\STM32L4xx\Include

<h2>Collection of Component Files used:</h2>

   * Component: ARM::CMSIS:CORE:5.1.1
</pre>
</body>
</html>
