Component: ARM Compiler 5.05 update 2 (build 169) Tool: armlink [4d0f33]

==============================================================================

Section Cross References

    main.o(i.dp_cmsis) refers to arm_mult_f32.o(.text) for arm_mult_f32
    main.o(i.dp_cmsis) refers to arm_add_f32.o(.text) for arm_add_f32
    main.o(i.main) refers to _printf_percent.o(.ARM.Collect$$_printf_percent$$00000000) for _printf_percent
    main.o(i.main) refers to _printf_f.o(.ARM.Collect$$_printf_percent$$00000003) for _printf_f
    main.o(i.main) refers to printf1.o(x$fpl$printf1) for _printf_fp_dec
    main.o(i.main) refers to _printf_d.o(.ARM.Collect$$_printf_percent$$00000009) for _printf_d
    main.o(i.main) refers to _printf_dec.o(.text) for _printf_int_dec
    main.o(i.main) refers to main.o(i.dp_c) for dp_c
    main.o(i.main) refers to f2d.o(x$fpl$f2d) for __aeabi_f2d
    main.o(i.main) refers to noretval__2printf.o(.text) for __2printf
    main.o(i.main) refers to arm_dot_prod_f32.o(.text) for arm_dot_prod_f32
    main.o(i.main) refers to asm_dot.o(test) for asm_dot
    main.o(i.main) refers to main.o(i.variance_c) for variance_c
    main.o(i.main) refers to arm_var_f32.o(.text) for arm_var_f32
    main.o(i.main) refers to asm_max.o(test) for asm_max
    main.o(i.main) refers to arm_max_f32.o(.text) for arm_max_f32
    main.o(i.main) refers to main.o(.constdata) for .constdata
    main.o(i.main) refers to main.o(.data) for f1000_array
    retarget_io.o(i.ITM_ReceiveChar) refers to retarget_io.o(.data) for ITM_RxBuffer
    retarget_io.o(i._sys_open) refers to strcmpv7m.o(.text) for strcmp
    retarget_io.o(i._sys_write) refers to retarget_io.o(i.stdout_putchar) for stdout_putchar
    retarget_io.o(i.stdout_putchar) refers to retarget_io.o(i.ITM_SendChar) for ITM_SendChar
    startup_armcm4.o(STACK) refers (Special) to heapauxi.o(.text) for __use_two_region_memory
    startup_armcm4.o(HEAP) refers (Special) to heapauxi.o(.text) for __use_two_region_memory
    startup_armcm4.o(RESET) refers (Special) to heapauxi.o(.text) for __use_two_region_memory
    startup_armcm4.o(RESET) refers to startup_armcm4.o(STACK) for __initial_sp
    startup_armcm4.o(RESET) refers to startup_armcm4.o(.text) for Reset_Handler
    startup_armcm4.o(.text) refers (Special) to heapauxi.o(.text) for __use_two_region_memory
    startup_armcm4.o(.text) refers to system_armcm4.o(i.SystemInit) for SystemInit
    startup_armcm4.o(.text) refers to __main.o(!!!main) for __main
    startup_armcm4.o(.text) refers to startup_armcm4.o(HEAP) for Heap_Mem
    startup_armcm4.o(.text) refers to startup_armcm4.o(STACK) for Stack_Mem
    system_armcm4.o(i.SystemCoreClockUpdate) refers to system_armcm4.o(.data) for SystemCoreClock
    system_armcm4.o(i.SystemInit) refers to startup_armcm4.o(RESET) for __Vectors
    system_armcm4.o(i.SystemInit) refers to system_armcm4.o(.data) for SystemCoreClock
    __2printf.o(.text) refers to _printf_char_file.o(.text) for _printf_char_file
    __2printf.o(.text) refers to stdio_streams.o(.bss) for __stdout
    noretval__2printf.o(.text) refers to _printf_char_file.o(.text) for _printf_char_file
    noretval__2printf.o(.text) refers to stdio_streams.o(.bss) for __stdout
    __printf.o(.text) refers to _printf_percent.o(.ARM.Collect$$_printf_percent$$00000000) for _printf_percent
    _printf_dec.o(.text) refers to _printf_intcommon.o(.text) for _printf_int_common
    __printf_flags.o(.text) refers to _printf_percent.o(.ARM.Collect$$_printf_percent$$00000000) for _printf_percent
    __printf_flags.o(.text) refers to __printf_flags.o(.constdata) for .constdata
    __printf_ss.o(.text) refers to _printf_percent.o(.ARM.Collect$$_printf_percent$$00000000) for _printf_percent
    __printf_flags_ss.o(.text) refers to _printf_percent.o(.ARM.Collect$$_printf_percent$$00000000) for _printf_percent
    __printf_flags_ss.o(.text) refers to __printf_flags_ss.o(.constdata) for .constdata
    __printf_wp.o(.text) refers to __printf_wp.o(i._is_digit) for _is_digit
    __printf_wp.o(.text) refers to _printf_percent.o(.ARM.Collect$$_printf_percent$$00000000) for _printf_percent
    __printf_flags_wp.o(.text) refers to __printf_wp.o(i._is_digit) for _is_digit
    __printf_flags_wp.o(.text) refers to _printf_percent.o(.ARM.Collect$$_printf_percent$$00000000) for _printf_percent
    __printf_flags_wp.o(.text) refers to __printf_flags_wp.o(.constdata) for .constdata
    __printf_ss_wp.o(.text) refers to __printf_wp.o(i._is_digit) for _is_digit
    __printf_ss_wp.o(.text) refers to _printf_percent.o(.ARM.Collect$$_printf_percent$$00000000) for _printf_percent
    __printf_flags_ss_wp.o(.text) refers to __printf_wp.o(i._is_digit) for _is_digit
    __printf_flags_ss_wp.o(.text) refers to _printf_percent.o(.ARM.Collect$$_printf_percent$$00000000) for _printf_percent
    __printf_flags_ss_wp.o(.text) refers to __printf_flags_ss_wp.o(.constdata) for .constdata
[...]
    defsig_rtmem_inner.o(.text) refers to defsig_general.o(.text) for __default_signal_display
    defsig.o(CL$$defsig) refers to defsig_fpe_inner.o(.text) for __rt_SIGFPE_inner
    defsig.o(CL$$defsig) refers to defsig_rtred_inner.o(.text) for __rt_SIGRTRED_inner
    defsig.o(CL$$defsig) refers to defsig_rtmem_inner.o(.text) for __rt_SIGRTMEM_inner
    libshutdown.o(.ARM.Collect$$libshutdown$$00000000) refers (Special) to libshutdown2.o(.ARM.Collect$$libshutdown$$00000006) for __rt_lib_shutdown_fp_trap_1
    libshutdown.o(.ARM.Collect$$libshutdown$$00000000) refers (Special) to libshutdown2.o(.ARM.Collect$$libshutdown$$0000000E) for __rt_lib_shutdown_heap_1
    libshutdown.o(.ARM.Collect$$libshutdown$$00000000) refers (Special) to libshutdown2.o(.ARM.Collect$$libshutdown$$0000000F) for __rt_lib_shutdown_return
    libshutdown.o(.ARM.Collect$$libshutdown$$00000000) refers (Special) to libshutdown2.o(.ARM.Collect$$libshutdown$$00000009) for __rt_lib_shutdown_signal_1
    libshutdown.o(.ARM.Collect$$libshutdown$$00000000) refers (Special) to libshutdown2.o(.ARM.Collect$$libshutdown$$00000003) for __rt_lib_shutdown_stdio_1
    libshutdown.o(.ARM.Collect$$libshutdown$$00000000) refers (Special) to libshutdown2.o(.ARM.Collect$$libshutdown$$0000000B) for __rt_lib_shutdown_user_alloc_1
    defsig_abrt_inner.o(.text) refers to defsig_general.o(.text) for __default_signal_display
    defsig_stak_inner.o(.text) refers to defsig_general.o(.text) for __default_signal_display
    defsig_pvfn_inner.o(.text) refers to defsig_general.o(.text) for __default_signal_display
    defsig_cppl_inner.o(.text) refers to defsig_general.o(.text) for __default_signal_display
    defsig_segv_inner.o(.text) refers to defsig_general.o(.text) for __default_signal_display
    defsig_other.o(.text) refers to defsig_general.o(.text) for __default_signal_display


==============================================================================

Removing Unused input sections from the image.

    Removing main.o(.rev16_text), (4 bytes).
    Removing main.o(.revsh_text), (4 bytes).
    Removing main.o(.rrx_text), (6 bytes).
    Removing main.o(i.dp_cmsis), (60 bytes).
    Removing asm_var.o(test), (90 bytes).
    Removing retarget_io.o(i.ITM_ReceiveChar), (36 bytes).
    Removing retarget_io.o(i._sys_read), (46 bytes).
    Removing retarget_io.o(.data), (4 bytes).
    Removing system_armcm4.o(.rev16_text), (4 bytes).
    Removing system_armcm4.o(.revsh_text), (4 bytes).
    Removing system_armcm4.o(.rrx_text), (6 bytes).
    Removing system_armcm4.o(i.SystemCoreClockUpdate), (16 bytes).
    Removing arm_add_f32.o(.rev16_text), (4 bytes).
    Removing arm_add_f32.o(.revsh_text), (4 bytes).
    Removing arm_add_f32.o(.rrx_text), (6 bytes).
    Removing arm_add_f32.o(.text), (210 bytes).
    Removing arm_dot_prod_f32.o(.rev16_text), (4 bytes).
    Removing arm_dot_prod_f32.o(.revsh_text), (4 bytes).
    Removing arm_dot_prod_f32.o(.rrx_text), (6 bytes).
    Removing arm_mult_f32.o(.rev16_text), (4 bytes).
    Removing arm_mult_f32.o(.revsh_text), (4 bytes).
    Removing arm_mult_f32.o(.rrx_text), (6 bytes).
    Removing arm_mult_f32.o(.text), (210 bytes).
    Removing arm_max_f32.o(.rev16_text), (4 bytes).
    Removing arm_max_f32.o(.revsh_text), (4 bytes).
    Removing arm_max_f32.o(.rrx_text), (6 bytes).
    Removing arm_var_f32.o(.rev16_text), (4 bytes).
    Removing arm_var_f32.o(.revsh_text), (4 bytes).
    Removing arm_var_f32.o(.rrx_text), (6 bytes).

29 unused section(s) (total 770 bytes) removed from the image.

==============================================================================

Image Symbol Table

    Local Symbols

    Symbol Name                              Value     Ov Type        Size  Object(Section)

    RESET                                    0x00000000   Section      192  startup_armcm4.o(RESET)
    ../clib/angel/boardlib.s                 0x00000000   Number         0  boardshut.o ABSOLUTE
    ../clib/angel/boardlib.s                 0x00000000   Number         0  boardinit2.o ABSOLUTE
    ../clib/angel/boardlib.s                 0x00000000   Number         0  boardinit1.o ABSOLUTE
    ../clib/angel/boardlib.s                 0x00000000   Number         0  boardinit3.o ABSOLUTE
    ../clib/angel/dclz77c.s                  0x00000000   Number         0  __dclz77c.o ABSOLUTE
    ../clib/angel/handlers.s                 0x00000000   Number         0  __scatter_zi.o ABSOLUTE
    ../clib/angel/kernel.s                   0x00000000   Number         0  rtexit2.o ABSOLUTE
    ../clib/angel/kernel.s                   0x00000000   Number         0  rtexit.o ABSOLUTE
    ../clib/angel/kernel.s                   0x00000000   Number         0  __rtentry2.o ABSOLUTE
    ../clib/angel/kernel.s                   0x00000000   Number         0  __rtentry.o ABSOLUTE
    ../clib/angel/kernel.s                   0x00000000   Number         0  __rtentry4.o ABSOLUTE
    ../clib/angel/rt.s                       0x00000000   Number         0  rt_errno_addr.o ABSOLUTE
    ../clib/angel/rt.s                       0x00000000   Number         0  rt_locale_intlibspace.o ABSOLUTE
    ../clib/angel/rt.s                       0x00000000   Number         0  rt_locale.o ABSOLUTE
    ../clib/angel/rt.s                       0x00000000   Number         0  rt_errno_addr_intlibspace.o ABSOLUTE
    ../clib/angel/rt.s                       0x00000000   Number         0  rt_heap_descriptor.o ABSOLUTE
    ../clib/angel/rt.s                       0x00000000   Number         0  rt_heap_descriptor_intlibspace.o ABSOLUTE
    ../clib/angel/rt.s                       0x00000000   Number         0  rt_raise.o ABSOLUTE
    ../clib/angel/scatter.s                  0x00000000   Number         0  __scatter.o ABSOLUTE
    ../clib/angel/startup.s                  0x00000000   Number         0  __main.o ABSOLUTE
    ../clib/angel/sys.s                      0x00000000   Number         0  use_no_semi.o ABSOLUTE
    ../clib/angel/sys.s                      0x00000000   Number         0  sys_stackheap_outer.o ABSOLUTE
    ../clib/angel/sys.s                      0x00000000   Number         0  mutex_dummy.o ABSOLUTE
    ../clib/angel/sys.s                      0x00000000   Number         0  libspace.o ABSOLUTE
    ../clib/angel/sys.s                      0x00000000   Number         0  indicate_semi.o ABSOLUTE
    ../clib/angel/sysapp.c                   0x00000000   Number         0  sys_command.o ABSOLUTE
    ../clib/angel/sysapp.c                   0x00000000   Number         0  sys_exit.o ABSOLUTE
    ../clib/angel/sysapp.c                   0x00000000   Number         0  sys_wrch.o ABSOLUTE
    ../clib/armsys.c                         0x00000000   Number         0  argv_veneer.o ABSOLUTE
    ../clib/armsys.c                         0x00000000   Number         0  _get_argv.o ABSOLUTE
    ../clib/armsys.c                         0x00000000   Number         0  argv_veneer.o ABSOLUTE
    ../clib/armsys.c                         0x00000000   Number         0  no_argv.o ABSOLUTE
    ../clib/armsys.c                         0x00000000   Number         0  _get_argv_nomalloc.o ABSOLUTE
    ../clib/assert.c                         0x00000000   Number         0  assert_stdio.o ABSOLUTE
    ../clib/bigflt.c                         0x00000000   Number         0  bigflt0.o ABSOLUTE
    ../clib/btod.s                           0x00000000   Number         0  btod.o ABSOLUTE
    ../clib/fenv.c                           0x00000000   Number         0  _fptrap.o ABSOLUTE
    ../clib/heap1.c                          0x00000000   Number         0  h1_alloc.o ABSOLUTE
    ../clib/heap1.c                          0x00000000   Number         0  h1_alloc_mt.o ABSOLUTE
    ../clib/heap1.c                          0x00000000   Number         0  h1_init.o ABSOLUTE
    ../clib/heap1.c                          0x00000000   Number         0  h1_extend.o ABSOLUTE
    ../clib/heap1.c                          0x00000000   Number         0  h1_init_mt.o ABSOLUTE
    ../clib/heap1.c                          0x00000000   Number         0  h1_final_mt.o ABSOLUTE
    ../clib/heap1.c                          0x00000000   Number         0  h1_final.o ABSOLUTE
    ../clib/heap1.c                          0x00000000   Number         0  h1_extend_mt.o ABSOLUTE
    ../clib/heap1.c                          0x00000000   Number         0  h1_free.o ABSOLUTE
    ../clib/heap1.c                          0x00000000   Number         0  h1_free_mt.o ABSOLUTE
    ../clib/heap2.c                          0x00000000   Number         0  heap2.o ABSOLUTE
    ../clib/heap2.c                          0x00000000   Number         0  heap2mt.o ABSOLUTE
    ../clib/heap2.c                          0x00000000   Number         0  fdtree.o ABSOLUTE
    ../clib/heapalloc.c                      0x00000000   Number         0  init_alloc.o ABSOLUTE
    ../clib/heapalloc.c                      0x00000000   Number         0  hguard.o ABSOLUTE
    ../clib/heapalloc.c                      0x00000000   Number         0  term_alloc.o ABSOLUTE
    ../clib/heapalloc.c                      0x00000000   Number         0  hrguard.o ABSOLUTE
    ../clib/heapalloc.c                      0x00000000   Number         0  maybetermalloc2.o ABSOLUTE
    ../clib/heapalloc.c                      0x00000000   Number         0  free.o ABSOLUTE
    ../clib/heapalloc.c                      0x00000000   Number         0  maybetermalloc2.o ABSOLUTE
    ../clib/heapalloc.c                      0x00000000   Number         0  maybetermalloc1.o ABSOLUTE
    ../clib/heapalloc.c                      0x00000000   Number         0  maybetermalloc1.o ABSOLUTE
    ../clib/heapalloc.c                      0x00000000   Number         0  heapstubs.o ABSOLUTE
    ../clib/heapalloc.c                      0x00000000   Number         0  malloc.o ABSOLUTE
    ../clib/heapaux.c                        0x00000000   Number         0  heapauxa.o ABSOLUTE
    ../clib/heapaux.c                        0x00000000   Number         0  heapauxi.o ABSOLUTE
    ../clib/libinit.s                        0x00000000   Number         0  libshutdown.o ABSOLUTE
    ../clib/libinit.s                        0x00000000   Number         0  libinit2.o ABSOLUTE
    ../clib/libinit.s                        0x00000000   Number         0  libshutdown2.o ABSOLUTE
    ../clib/libinit.s                        0x00000000   Number         0  libinit.o ABSOLUTE
    ../clib/locale.s                         0x00000000   Number         0  lc_numeric_c.o ABSOLUTE
    ../clib/longlong.s                       0x00000000   Number         0  lludiv10.o ABSOLUTE
    ../clib/memcpset.s                       0x00000000   Number         0  rt_memclr_w.o ABSOLUTE
    ../clib/memcpset.s                       0x00000000   Number         0  rt_memcpy_w.o ABSOLUTE
    ../clib/memcpset.s                       0x00000000   Number         0  strcmpv7m.o ABSOLUTE
    ../clib/memcpset.s                       0x00000000   Number         0  rt_memcpy_v6.o ABSOLUTE
    ../clib/printf.c                         0x00000000   Number         0  _printf_char_common.o ABSOLUTE
    ../clib/printf.c                         0x00000000   Number         0  __printf_ss.o ABSOLUTE
    ../clib/printf.c                         0x00000000   Number         0  __printf_wp.o ABSOLUTE
    ../clib/printf.c                         0x00000000   Number         0  __printf.o ABSOLUTE
    ../clib/printf.c                         0x00000000   Number         0  noretval__2printf.o ABSOLUTE
    ../clib/printf.c                         0x00000000   Number         0  _printf_intcommon.o ABSOLUTE
    ../clib/printf.c                         0x00000000   Number         0  __printf_flags_ss.o ABSOLUTE
    ../clib/printf.c                         0x00000000   Number         0  _printf_dec.o ABSOLUTE
    ../clib/printf.c                         0x00000000   Number         0  __printf_nopercent.o ABSOLUTE
    ../clib/printf.c                         0x00000000   Number         0  _printf_char_file_locked.o ABSOLUTE
    ../clib/printf.c                         0x00000000   Number         0  __printf_flags_wp.o ABSOLUTE
    ../clib/printf.c                         0x00000000   Number         0  __printf_flags.o ABSOLUTE
    ../clib/printf.c                         0x00000000   Number         0  _printf_char_file.o ABSOLUTE
    ../clib/printf.c                         0x00000000   Number         0  __printf_ss_wp.o ABSOLUTE
    ../clib/printf.c                         0x00000000   Number         0  __printf_flags_ss_wp.o ABSOLUTE
    ../clib/printf.c                         0x00000000   Number         0  _printf_fp_infnan.o ABSOLUTE
    ../clib/printf.c                         0x00000000   Number         0  __2printf.o ABSOLUTE
    ../clib/printf.c                         0x00000000   Number         0  _printf_fp_dec.o ABSOLUTE
    ../clib/printf_percent.s                 0x00000000   Number         0  _printf_d.o ABSOLUTE
    ../clib/printf_percent.s                 0x00000000   Number         0  _printf_percent_end.o ABSOLUTE
    ../clib/printf_percent.s                 0x00000000   Number         0  _printf_percent.o ABSOLUTE
    ../clib/printf_percent.s                 0x00000000   Number         0  _printf_f.o ABSOLUTE
    ../clib/signal.c                         0x00000000   Number         0  defsig_fpe_formal.o ABSOLUTE
    ../clib/signal.c                         0x00000000   Number         0  defsig_other.o ABSOLUTE
    ../clib/signal.c                         0x00000000   Number         0  defsig_rtred_inner.o ABSOLUTE
    ../clib/signal.c                         0x00000000   Number         0  defsig_exit.o ABSOLUTE
    ../clib/signal.c                         0x00000000   Number         0  defsig_general.o ABSOLUTE
    ../clib/signal.c                         0x00000000   Number         0  defsig_rtred_outer.o ABSOLUTE
    ../clib/signal.c                         0x00000000   Number         0  defsig_rtred_formal.o ABSOLUTE
    ../clib/signal.c                         0x00000000   Number         0  defsig_rtmem_formal.o ABSOLUTE
    ../clib/signal.c                         0x00000000   Number         0  defsig_pvfn_inner.o ABSOLUTE
    ../clib/signal.c                         0x00000000   Number         0  defsig_cppl_inner.o ABSOLUTE
    ../clib/signal.c                         0x00000000   Number         0  defsig_rtmem_outer.o ABSOLUTE
    ../clib/signal.c                         0x00000000   Number         0  defsig_fpe_outer.o ABSOLUTE
    ../clib/signal.c                         0x00000000   Number         0  __raise.o ABSOLUTE
    ../clib/signal.c                         0x00000000   Number         0  defsig_fpe_inner.o ABSOLUTE
    ../clib/signal.c                         0x00000000   Number         0  defsig_rtmem_inner.o ABSOLUTE
    ../clib/signal.c                         0x00000000   Number         0  defsig_abrt_inner.o ABSOLUTE
    ../clib/signal.c                         0x00000000   Number         0  defsig_stak_inner.o ABSOLUTE
    ../clib/signal.c                         0x00000000   Number         0  defsig_segv_inner.o ABSOLUTE
    ../clib/signal.s                         0x00000000   Number         0  defsig.o ABSOLUTE
    ../clib/stdio.c                          0x00000000   Number         0  fopen.o ABSOLUTE
    ../clib/stdio.c                          0x00000000   Number         0  streamlock.o ABSOLUTE
    ../clib/stdio.c                          0x00000000   Number         0  setvbuf.o ABSOLUTE
    ../clib/stdio.c                          0x00000000   Number         0  flsbuf.o ABSOLUTE
    ../clib/stdio.c                          0x00000000   Number         0  fflush_locked.o ABSOLUTE
    ../clib/stdio.c                          0x00000000   Number         0  ftell.o ABSOLUTE
    ../clib/stdio.c                          0x00000000   Number         0  fputs.o ABSOLUTE
    ../clib/stdio.c                          0x00000000   Number         0  fflush.o ABSOLUTE
    ../clib/stdio.c                          0x00000000   Number         0  stdio_streams.o ABSOLUTE
    ../clib/stdio.c                          0x00000000   Number         0  fputs_locked.o ABSOLUTE
    ../clib/stdio.c                          0x00000000   Number         0  fwritefast_locked.o ABSOLUTE
    ../clib/stdio.c                          0x00000000   Number         0  fwritefast.o ABSOLUTE
    ../clib/stdio.c                          0x00000000   Number         0  fseek.o ABSOLUTE
    ../clib/stdio.c                          0x00000000   Number         0  fopen_locked.o ABSOLUTE
    ../clib/stdio.c                          0x00000000   Number         0  ferror.o ABSOLUTE
    ../clib/stdio.c                          0x00000000   Number         0  setvbuf_locked.o ABSOLUTE
    ../clib/stdio.c                          0x00000000   Number         0  fputc.o ABSOLUTE
    ../clib/stdio.c                          0x00000000   Number         0  initio.o ABSOLUTE
    ../clib/stdio.c                          0x00000000   Number         0  fclose.o ABSOLUTE
    ../clib/stdio.c                          0x00000000   Number         0  fputc_locked.o ABSOLUTE
    ../clib/stdio.c                          0x00000000   Number         0  ferror_locked.o ABSOLUTE
    ../clib/stdio.c                          0x00000000   Number         0  initio_locked.o ABSOLUTE
    ../clib/stdio.c                          0x00000000   Number         0  stdio.o ABSOLUTE
    ../clib/stdlib.c                         0x00000000   Number         0  exit.o ABSOLUTE
    ../clib/wchar.c                          0x00000000   Number         0  flsbuf_fwide.o ABSOLUTE
    ../fplib/dflt.s                          0x00000000   Number         0  dflt_clz.o ABSOLUTE
    ../fplib/dretinf.s                       0x00000000   Number         0  dretinf.o ABSOLUTE
    ../fplib/except.s                        0x00000000   Number         0  except.o ABSOLUTE
    ../fplib/f2d.s                           0x00000000   Number         0  f2d.o ABSOLUTE
    ../fplib/fnaninf.s                       0x00000000   Number         0  fnaninf.o ABSOLUTE
    ../fplib/fpinit.s                        0x00000000   Number         0  fpinit.o ABSOLUTE
    ../fplib/funder.s                        0x00000000   Number         0  funder_clz.o ABSOLUTE
    ../fplib/istatus.s                       0x00000000   Number         0  istatus.o ABSOLUTE
    ../fplib/printf1.s                       0x00000000   Number         0  printf1.o ABSOLUTE
    ../fplib/retnan.s                        0x00000000   Number         0  retnan.o ABSOLUTE
    ../fplib/trapv.s                         0x00000000   Number         0  trapv.o ABSOLUTE
    ../fplib/usenofp.s                       0x00000000   Number         0  usenofp.o ABSOLUTE
    ../mathlib/fpclassify.c                  0x00000000   Number         0  fpclassify.o ABSOLUTE
    ..\..\Source\BasicMathFunctions\arm_add_f32.c 0x00000000   Number         0  arm_add_f32.o ABSOLUTE
    ..\..\Source\BasicMathFunctions\arm_dot_prod_f32.c 0x00000000   Number         0  arm_dot_prod_f32.o ABSOLUTE
    ..\..\Source\BasicMathFunctions\arm_mult_f32.c 0x00000000   Number         0  arm_mult_f32.o ABSOLUTE
    ..\..\Source\StatisticsFunctions\arm_max_f32.c 0x00000000   Number         0  arm_max_f32.o ABSOLUTE
    ..\..\Source\StatisticsFunctions\arm_var_f32.c 0x00000000   Number         0  arm_var_f32.o ABSOLUTE
    ..\\..\\Source\\BasicMathFunctions\\arm_add_f32.c 0x00000000   Number         0  arm_add_f32.o ABSOLUTE
    ..\\..\\Source\\BasicMathFunctions\\arm_dot_prod_f32.c 0x00000000   Number         0  arm_dot_prod_f32.o ABSOLUTE
    ..\\..\\Source\\BasicMathFunctions\\arm_mult_f32.c 0x00000000   Number         0  arm_mult_f32.o ABSOLUTE
    ..\\..\\Source\\StatisticsFunctions\\arm_max_f32.c 0x00000000   Number         0  arm_max_f32.o ABSOLUTE
    ..\\..\\Source\\StatisticsFunctions\\arm_var_f32.c 0x00000000   Number         0  arm_var_f32.o ABSOLUTE
    C:\Keil_v5\ARM\PACK\Keil\ARM_Compiler\1.4.0\Source\retarget_io.c 0x00000000   Number         0  retarget_io.o ABSOLUTE
    RTE\Device\ARMCM4_FP\startup_ARMCM4.s    0x00000000   Number         0  startup_armcm4.o ABSOLUTE
    RTE\Device\ARMCM4_FP\system_ARMCM4.c     0x00000000   Number         0  system_armcm4.o ABSOLUTE
    RTE\\Device\\ARMCM4_FP\\system_ARMCM4.c  0x00000000   Number         0  system_armcm4.o ABSOLUTE
    asm\asm_dot.s                            0x00000000   Number         0  asm_dot.o ABSOLUTE
    asm\asm_max.s                            0x00000000   Number         0  asm_max.o ABSOLUTE
    asm\asm_var.s                            0x00000000   Number         0  asm_var.o ABSOLUTE
    dc.s                                     0x00000000   Number         0  dc.o ABSOLUTE
    src\\main.c                              0x00000000   Number         0  main.o ABSOLUTE
    src\main.c                               0x00000000   Number         0  main.o ABSOLUTE
    !!!main                                  0x000000c0   Section        8  __main.o(!!!main)
    !!!scatter                               0x000000c8   Section       52  __scatter.o(!!!scatter)
    !!dclz77c                                0x000000fc   Section      100  __dclz77c.o(!!dclz77c)
    !!handler_zi                             0x00000160   Section       28  __scatter_zi.o(!!handler_zi)
    .ARM.Collect$$_printf_percent$$00000000  0x0000017c   Section        0  _printf_percent.o(.ARM.Collect$$_printf_percent$$00000000)
    .ARM.Collect$$_printf_percent$$00000003  0x0000017c   Section        6  _printf_f.o(.ARM.Collect$$_printf_percent$$00000003)
    .ARM.Collect$$_printf_percent$$00000009  0x00000182   Section        6  _printf_d.o(.ARM.Collect$$_printf_percent$$00000009)
    .ARM.Collect$$_printf_percent$$00000017  0x00000188   Section        4  _printf_percent_end.o(.ARM.Collect$$_printf_percent$$00000017)
    .ARM.Collect$$libinit$$00000000          0x0000018c   Section        2  libinit.o(.ARM.Collect$$libinit$$00000000)
    .ARM.Collect$$libinit$$00000001          0x0000018e   Section        4  libinit2.o(.ARM.Collect$$libinit$$00000001)
    .ARM.Collect$$libinit$$00000004          0x00000192   Section        0  libinit2.o(.ARM.Collect$$libinit$$00000004)
    .ARM.Collect$$libinit$$00000005          0x00000192   Section        8  libinit2.o(.ARM.Collect$$libinit$$00000005)
    .ARM.Collect$$libinit$$0000000A          0x0000019a   Section        0  libinit2.o(.ARM.Collect$$libinit$$0000000A)
    .ARM.Collect$$libinit$$0000000C          0x0000019a   Section        0  libinit2.o(.ARM.Collect$$libinit$$0000000C)
    .ARM.Collect$$libinit$$0000000E          0x0000019a   Section        0  libinit2.o(.ARM.Collect$$libinit$$0000000E)
    .ARM.Collect$$libinit$$0000000F          0x0000019a   Section        6  libinit2.o(.ARM.Collect$$libinit$$0000000F)
    .ARM.Collect$$libinit$$00000011          0x000001a0   Section        0  libinit2.o(.ARM.Collect$$libinit$$00000011)
    .ARM.Collect$$libinit$$00000013          0x000001a0   Section        0  libinit2.o(.ARM.Collect$$libinit$$00000013)
    .ARM.Collect$$libinit$$00000015          0x000001a0   Section        0  libinit2.o(.ARM.Collect$$libinit$$00000015)
    .ARM.Collect$$libinit$$00000016          0x000001a0   Section       10  libinit2.o(.ARM.Collect$$libinit$$00000016)
    .ARM.Collect$$libinit$$00000017          0x000001aa   Section        0  libinit2.o(.ARM.Collect$$libinit$$00000017)
    .ARM.Collect$$libinit$$00000019          0x000001aa   Section        0  libinit2.o(.ARM.Collect$$libinit$$00000019)
    .ARM.Collect$$libinit$$0000001B          0x000001aa   Section        0  libinit2.o(.ARM.Collect$$libinit$$0000001B)
    .ARM.Collect$$libinit$$0000001D          0x000001aa   Section        0  libinit2.o(.ARM.Collect$$libinit$$0000001D)
    .ARM.Collect$$libinit$$0000001F          0x000001aa   Section        0  libinit2.o(.ARM.Collect$$libinit$$0000001F)
    .ARM.Collect$$libinit$$00000021          0x000001aa   Section        0  libinit2.o(.ARM.Collect$$libinit$$00000021)
    .ARM.Collect$$libinit$$00000023          0x000001aa   Section        0  libinit2.o(.ARM.Collect$$libinit$$00000023)
    .ARM.Collect$$libinit$$00000024          0x000001aa   Section        4  libinit2.o(.ARM.Collect$$libinit$$00000024)
    .ARM.Collect$$libinit$$00000025          0x000001ae   Section        0  libinit2.o(.ARM.Collect$$libinit$$00000025)
    .ARM.Collect$$libinit$$0000002C          0x000001ae   Section        0  libinit2.o(.ARM.Collect$$libinit$$0000002C)
    .ARM.Collect$$libinit$$0000002E          0x000001ae   Section        0  libinit2.o(.ARM.Collect$$libinit$$0000002E)
    .ARM.Collect$$libinit$$00000030          0x000001ae   Section        0  libinit2.o(.ARM.Collect$$libinit$$00000030)
    .ARM.Collect$$libinit$$00000032          0x000001ae   Section        0  libinit2.o(.ARM.Collect$$libinit$$00000032)
    .ARM.Collect$$libinit$$00000033          0x000001ae   Section        2  libinit2.o(.ARM.Collect$$libinit$$00000033)
    .ARM.Collect$$libshutdown$$00000000      0x000001b0   Section        2  libshutdown.o(.ARM.Collect$$libshutdown$$00000000)
    .ARM.Collect$$libshutdown$$00000002      0x000001b2   Section        4  libshutdown2.o(.ARM.Collect$$libshutdown$$00000002)
    .ARM.Collect$$libshutdown$$00000003      0x000001b6   Section        0  libshutdown2.o(.ARM.Collect$$libshutdown$$00000003)
    .ARM.Collect$$libshutdown$$00000006      0x000001b6   Section        0  libshutdown2.o(.ARM.Collect$$libshutdown$$00000006)
    .ARM.Collect$$libshutdown$$00000009      0x000001b6   Section        0  libshutdown2.o(.ARM.Collect$$libshutdown$$00000009)
    .ARM.Collect$$libshutdown$$0000000B      0x000001b6   Section        0  libshutdown2.o(.ARM.Collect$$libshutdown$$0000000B)
    .ARM.Collect$$libshutdown$$0000000E      0x000001b6   Section        0  libshutdown2.o(.ARM.Collect$$libshutdown$$0000000E)
    .ARM.Collect$$libshutdown$$0000000F      0x000001b6   Section        2  libshutdown2.o(.ARM.Collect$$libshutdown$$0000000F)
    .ARM.Collect$$rtentry$$00000000          0x000001b8   Section        0  __rtentry.o(.ARM.Collect$$rtentry$$00000000)
    .ARM.Collect$$rtentry$$00000002          0x000001b8   Section        0  __rtentry2.o(.ARM.Collect$$rtentry$$00000002)
    .ARM.Collect$$rtentry$$00000004          0x000001b8   Section        6  __rtentry4.o(.ARM.Collect$$rtentry$$00000004)
    .ARM.Collect$$rtentry$$00000009          0x000001be   Section        0  __rtentry2.o(.ARM.Collect$$rtentry$$00000009)
    .ARM.Collect$$rtentry$$0000000A          0x000001be   Section        4  __rtentry2.o(.ARM.Collect$$rtentry$$0000000A)
    .ARM.Collect$$rtentry$$0000000C          0x000001c2   Section        0  __rtentry2.o(.ARM.Collect$$rtentry$$0000000C)
    .ARM.Collect$$rtentry$$0000000D          0x000001c2   Section        8  __rtentry2.o(.ARM.Collect$$rtentry$$0000000D)
    .ARM.Collect$$rtexit$$00000000           0x000001ca   Section        2  rtexit.o(.ARM.Collect$$rtexit$$00000000)
    .ARM.Collect$$rtexit$$00000002           0x000001cc   Section        0  rtexit2.o(.ARM.Collect$$rtexit$$00000002)
    .ARM.Collect$$rtexit$$00000003           0x000001cc   Section        4  rtexit2.o(.ARM.Collect$$rtexit$$00000003)
    .ARM.Collect$$rtexit$$00000004           0x000001d0   Section        6  rtexit2.o(.ARM.Collect$$rtexit$$00000004)
    .emb_text                                0x000001d8   Section        0  maybetermalloc1.o(.emb_text)
    .text                                    0x000001d8   Section       64  startup_armcm4.o(.text)
    $v0                                      0x000001d8   Number         0  startup_armcm4.o(.text)
    .text                                    0x00000218   Section        0  arm_dot_prod_f32.o(.text)
    .text                                    0x0000031c   Section        0  arm_max_f32.o(.text)
    .text                                    0x000003f4   Section        0  arm_var_f32.o(.text)
    .text                                    0x000005a0   Section        0  noretval__2printf.o(.text)
    .text                                    0x000005b8   Section        0  __printf.o(.text)
    .text                                    0x00000620   Section        0  _printf_dec.o(.text)
    .text                                    0x00000698   Section      128  strcmpv7m.o(.text)
    .text                                    0x00000718   Section        0  heapauxi.o(.text)
    .text                                    0x0000071e   Section        0  _printf_intcommon.o(.text)
    .text                                    0x000007d0   Section        0  _printf_fp_dec.o(.text)
    _fp_digits                               0x000007d3   Thumb Code   428  _printf_fp_dec.o(.text)
    .text                                    0x00000bec   Section        0  _printf_char_file.o(.text)
    .text                                    0x00000c10   Section        8  rt_locale_intlibspace.o(.text)
    .text                                    0x00000c18   Section      138  lludiv10.o(.text)
    .text                                    0x00000ca4   Section        0  _printf_char_common.o(.text)
    _printf_input_char                       0x00000ca5   Thumb Code    10  _printf_char_common.o(.text)
    .text                                    0x00000cd4   Section        0  _printf_fp_infnan.o(.text)
    .text                                    0x00000d54   Section        0  bigflt0.o(.text)
    .text                                    0x00000e30   Section        0  ferror.o(.text)
    .text                                    0x00000e38   Section        0  initio.o(.text)
    .text                                    0x00000f70   Section        8  libspace.o(.text)
    .text                                    0x00000f78   Section       74  sys_stackheap_outer.o(.text)
    .text                                    0x00000fc2   Section        0  h1_free.o(.text)
    .text                                    0x00001010   Section        0  flsbuf.o(.text)
    .text                                    0x000011e6   Section        0  setvbuf.o(.text)
    .text                                    0x0000122c   Section        0  fopen.o(.text)
    _freopen_locked                          0x0000122d   Thumb Code     0  fopen.o(.text)
    .text                                    0x00001318   Section        0  fclose.o(.text)
    .text                                    0x00001364   Section        0  exit.o(.text)
    .text                                    0x00001370   Section        0  defsig_rtred_outer.o(.text)
    .text                                    0x0000137e   Section       78  rt_memclr_w.o(.text)
    .text                                    0x000013cc   Section        8  rt_heap_descriptor_intlibspace.o(.text)
    .text                                    0x000013d4   Section        0  hguard.o(.text)
    .text                                    0x000013d8   Section        0  init_alloc.o(.text)
    .text                                    0x00001462   Section        0  h1_alloc.o(.text)
    .text                                    0x000014c0   Section        0  _fptrap.o(.text)
    .text                                    0x000014f0   Section        0  fseek.o(.text)
    .text                                    0x000015e8   Section        0  stdio.o(.text)
    .text                                    0x000016d8   Section        0  defsig_exit.o(.text)
    .text                                    0x000016e4   Section        0  defsig_rtred_inner.o(.text)
    .text                                    0x00001718   Section        0  sys_exit.o(.text)
    .text                                    0x00001724   Section        0  h1_init.o(.text)
    .text                                    0x00001732   Section        0  h1_extend.o(.text)
    .text                                    0x00001766   Section        0  ftell.o(.text)
    .text                                    0x000017a8   Section        0  defsig_general.o(.text)
    .text                                    0x000017da   Section        0  defsig_fpe_outer.o(.text)
    .text                                    0x000017e8   Section        0  defsig_rtmem_outer.o(.text)
    .text                                    0x000017f6   Section        0  sys_wrch.o(.text)
    .text                                    0x00001804   Section        2  use_no_semi.o(.text)
    .text                                    0x00001806   Section        0  indicate_semi.o(.text)
    .text                                    0x00001808   Section        8  rt_errno_addr_intlibspace.o(.text)
    .text                                    0x00001810   Section        0  defsig_fpe_inner.o(.text)
    .text                                    0x000018bc   Section        0  defsig_rtmem_inner.o(.text)
    CL$$btod_d2e                             0x0000190c   Section       62  btod.o(CL$$btod_d2e)
    CL$$btod_d2e_denorm_low                  0x0000194a   Section       70  btod.o(CL$$btod_d2e_denorm_low)
    CL$$btod_d2e_norm_op1                    0x00001990   Section       96  btod.o(CL$$btod_d2e_norm_op1)
    CL$$btod_div_common                      0x000019f0   Section      824  btod.o(CL$$btod_div_common)
    CL$$btod_e2e                             0x00001d28   Section      198  btod.o(CL$$btod_e2e)
    CL$$btod_ediv                            0x00001dee   Section       40  btod.o(CL$$btod_ediv)
    CL$$btod_emul                            0x00001e16   Section       40  btod.o(CL$$btod_emul)
    CL$$btod_mult_common                     0x00001e3e   Section      580  btod.o(CL$$btod_mult_common)
    i.ITM_SendChar                           0x00002084   Section        0  retarget_io.o(i.ITM_SendChar)
    i.SystemInit                             0x000020b4   Section        0  system_armcm4.o(i.SystemInit)
    i.__ARM_fpclassify                       0x000020e4   Section        0  fpclassify.o(i.__ARM_fpclassify)
    i._sys_close                             0x00002114   Section        0  retarget_io.o(i._sys_close)
    i._sys_flen                              0x0000213a   Section        0  retarget_io.o(i._sys_flen)
    i._sys_istty                             0x0000215e   Section        0  retarget_io.o(i._sys_istty)
    i._sys_open                              0x00002184   Section        0  retarget_io.o(i._sys_open)
    i._sys_seek                              0x000021ec   Section        0  retarget_io.o(i._sys_seek)
    i._sys_write                             0x00002218   Section        0  retarget_io.o(i._sys_write)
    i.dp_c                                   0x00002260   Section        0  main.o(i.dp_c)
    i.fputc                                  0x00002298   Section        0  fputc.o(i.fputc)
    i.main                                   0x000022b4   Section        0  main.o(i.main)
    i.stdout_putchar                         0x0000255c   Section        0  retarget_io.o(i.stdout_putchar)
    stdout_putchar                           0x0000255d   Thumb Code    12  retarget_io.o(i.stdout_putchar)
    i.variance_c                             0x00002568   Section        0  main.o(i.variance_c)
    locale$$code                             0x000025fc   Section       44  lc_numeric_c.o(locale$$code)
    test                                     0x00002628   Section       50  asm_max.o(test)
    $v0                                      0x00002628   Number         0  asm_max.o(test)
    test                                     0x0000265c   Section       56  asm_dot.o(test)
    $v0                                      0x0000265c   Number         0  asm_dot.o(test)
    x$fpl$dfltn                              0x00002694   Section       26  dflt_clz.o(x$fpl$dfltn)
    $v0                                      0x00002694   Number         0  dflt_clz.o(x$fpl$dfltn)
    x$fpl$dretinf                            0x000026ae   Section       12  dretinf.o(x$fpl$dretinf)
    $v0                                      0x000026ae   Number         0  dretinf.o(x$fpl$dretinf)
    x$fpl$exception                          0x000026bc   Section      492  except.o(x$fpl$exception)
    $v0                                      0x000026bc   Number         0  except.o(x$fpl$exception)
    x$fpl$f2d                                0x000028a8   Section      122  f2d.o(x$fpl$f2d)
    $v0                                      0x000028a8   Number         0  f2d.o(x$fpl$f2d)
    x$fpl$fnaninf                            0x00002922   Section      242  fnaninf.o(x$fpl$fnaninf)
    $v0                                      0x00002922   Number         0  fnaninf.o(x$fpl$fnaninf)
    x$fpl$fpinit                             0x00002a14   Section       10  fpinit.o(x$fpl$fpinit)
    $v0                                      0x00002a14   Number         0  fpinit.o(x$fpl$fpinit)
    x$fpl$funder                             0x00002a1e   Section      316  funder_clz.o(x$fpl$funder)
    $v0                                      0x00002a1e   Number         0  funder_clz.o(x$fpl$funder)
    x$fpl$ieeestatus                         0x00002b5c   Section       32  istatus.o(x$fpl$ieeestatus)
    $v0                                      0x00002b5c   Number         0  istatus.o(x$fpl$ieeestatus)
    x$fpl$printf1                            0x00002b7c   Section        4  printf1.o(x$fpl$printf1)
    $v0                                      0x00002b7c   Number         0  printf1.o(x$fpl$printf1)
    x$fpl$retnan                             0x00002b80   Section      178  retnan.o(x$fpl$retnan)
    $v0                                      0x00002b80   Number         0  retnan.o(x$fpl$retnan)
    x$fpl$trapveneer                         0x00002c32   Section      126  trapv.o(x$fpl$trapveneer)
    $v0                                      0x00002c32   Number         0  trapv.o(x$fpl$trapveneer)
    .constdata                               0x00002cb0   Section       24  main.o(.constdata)
    x$fpl$usenofp                            0x00002cb0   Section        0  usenofp.o(x$fpl$usenofp)
    .constdata                               0x00002cc8   Section       23  retarget_io.o(.constdata)
    .constdata                               0x00002ce0   Section      148  bigflt0.o(.constdata)
    tenpwrs_x                                0x00002ce0   Data          60  bigflt0.o(.constdata)
    tenpwrs_i                                0x00002d1c   Data          64  bigflt0.o(.constdata)
    locale$$data                             0x00002d94   Section       28  lc_numeric_c.o(locale$$data)
    __lcnum_c_name                           0x00002d98   Data           2  lc_numeric_c.o(locale$$data)
    __lcnum_c_start                          0x00002da0   Data           0  lc_numeric_c.o(locale$$data)
    __lcnum_c_point                          0x00002dac   Data           0  lc_numeric_c.o(locale$$data)
    __lcnum_c_thousands                      0x00002dae   Data           0  lc_numeric_c.o(locale$$data)
    __lcnum_c_grouping                       0x00002daf   Data           0  lc_numeric_c.o(locale$$data)
    __lcnum_c_end                            0x00002db0   Data           0  lc_numeric_c.o(locale$$data)
    .data                                    0x20000000   Section     4040  main.o(.data)
    .data                                    0x20000fc8   Section        4  system_armcm4.o(.data)
    .data                                    0x20000fcc   Section        4  stdio_streams.o(.data)
    .data                                    0x20000fd0   Section        4  stdio_streams.o(.data)
    .data                                    0x20000fd4   Section        4  stdio_streams.o(.data)
    .bss                                     0x20000fd8   Section       84  stdio_streams.o(.bss)
    .bss                                     0x2000102c   Section       84  stdio_streams.o(.bss)
    .bss                                     0x20001080   Section       84  stdio_streams.o(.bss)
    .bss                                     0x200010d4   Section       96  libspace.o(.bss)
    HEAP                                     0x20001138   Section     3072  startup_armcm4.o(HEAP)
    Heap_Mem                                 0x20001138   Data        3072  startup_armcm4.o(HEAP)
    STACK                                    0x20001d38   Section     1024  startup_armcm4.o(STACK)
    Stack_Mem                                0x20001d38   Data        1024  startup_armcm4.o(STACK)
    __initial_sp                             0x20002138   Data           0  startup_armcm4.o(STACK)

    Global Symbols

    Symbol Name                              Value     Ov Type        Size  Object(Section)

    BuildAttributes$$THM_ISAv4$E$P$D$K$B$S$7EM$VFPi3$EXTD16$VFPS$VFMA$PE$A:L22UL41UL21$X:L11$S22US41US21$IEEE1$IW$USESV6$~STKCKD$USESV7$~SHL$OTIME$ROPI$IEEEX$EBA8$UX$STANDARDLIB$REQ8$EABIv2 0x00000000   Number         0  anon$$obj.o ABSOLUTE
    __ARM_use_no_argv                        0x00000000   Number         0  main.o ABSOLUTE
    __Vectors                                0x00000000   Data           4  startup_armcm4.o(RESET)
    __ARM_exceptions_init                     - Undefined Weak Reference
    __alloca_initialize                       - Undefined Weak Reference
    __arm_preinit_                            - Undefined Weak Reference
    __cpp_initialize__aeabi_                  - Undefined Weak Reference
    __cxa_finalize                            - Undefined Weak Reference
    __sigvec_lookup                           - Undefined Weak Reference
    __user_heap_extent                        - Undefined Weak Reference
    _atexit_init                              - Undefined Weak Reference
    _call_atexit_fns                          - Undefined Weak Reference
    _clock_init                               - Undefined Weak Reference
    _fp_trap_big                              - Undefined Weak Reference
    _fp_trap_init                             - Undefined Weak Reference
    _fp_trap_shutdown                         - Undefined Weak Reference
    _get_lc_collate                           - Undefined Weak Reference
    _get_lc_ctype                             - Undefined Weak Reference
    _get_lc_monetary                          - Undefined Weak Reference
    _get_lc_time                              - Undefined Weak Reference
    _getenv_init                              - Undefined Weak Reference
    _handle_redirection                       - Undefined Weak Reference
    _mutex_acquire                            - Undefined Weak Reference
    _mutex_free                               - Undefined Weak Reference
    _mutex_release                            - Undefined Weak Reference
    _printf_post_padding                      - Undefined Weak Reference
    _printf_pre_padding                       - Undefined Weak Reference
    _printf_truncate_signed                   - Undefined Weak Reference
    _printf_truncate_unsigned                 - Undefined Weak Reference
    _rand_init                                - Undefined Weak Reference
    _signal_finish                            - Undefined Weak Reference
    _signal_init                              - Undefined Weak Reference
    __Vectors_End                            0x000000c0   Data           0  startup_armcm4.o(RESET)
    __Vectors_Size                           0x000000c0   Number         0  startup_armcm4.o ABSOLUTE
    __main                                   0x000000c1   Thumb Code     8  __main.o(!!!main)
    __scatterload                            0x000000c9   Thumb Code     0  __scatter.o(!!!scatter)
    __scatterload_rt2                        0x000000c9   Thumb Code    44  __scatter.o(!!!scatter)
    __scatterload_rt2_thumb_only             0x000000c9   Thumb Code     0  __scatter.o(!!!scatter)
    __scatterload_null                       0x000000d7   Thumb Code     0  __scatter.o(!!!scatter)
    __decompress                             0x000000fd   Thumb Code   100  __dclz77c.o(!!dclz77c)
    __decompress2                            0x000000fd   Thumb Code     0  __dclz77c.o(!!dclz77c)
    __scatterload_zeroinit                   0x00000161   Thumb Code    28  __scatter_zi.o(!!handler_zi)
    _printf_f                                0x0000017d   Thumb Code     0  _printf_f.o(.ARM.Collect$$_printf_percent$$00000003)
    _printf_percent                          0x0000017d   Thumb Code     0  _printf_percent.o(.ARM.Collect$$_printf_percent$$00000000)
    _printf_d                                0x00000183   Thumb Code     0  _printf_d.o(.ARM.Collect$$_printf_percent$$00000009)
    _printf_percent_end                      0x00000189   Thumb Code     0  _printf_percent_end.o(.ARM.Collect$$_printf_percent$$00000017)
    __rt_lib_init                            0x0000018d   Thumb Code     0  libinit.o(.ARM.Collect$$libinit$$00000000)
    __rt_lib_init_fp_1                       0x0000018f   Thumb Code     0  libinit2.o(.ARM.Collect$$libinit$$00000001)
    __rt_lib_init_heap_2                     0x00000193   Thumb Code     0  libinit2.o(.ARM.Collect$$libinit$$00000005)
    __rt_lib_init_preinit_1                  0x00000193   Thumb Code     0  libinit2.o(.ARM.Collect$$libinit$$00000004)
    __rt_lib_init_heap_1                     0x0000019b   Thumb Code     0  libinit2.o(.ARM.Collect$$libinit$$0000000A)
    __rt_lib_init_lc_common                  0x0000019b   Thumb Code     0  libinit2.o(.ARM.Collect$$libinit$$0000000F)
    __rt_lib_init_rand_1                     0x0000019b   Thumb Code     0  libinit2.o(.ARM.Collect$$libinit$$0000000E)
    __rt_lib_init_user_alloc_1               0x0000019b   Thumb Code     0  libinit2.o(.ARM.Collect$$libinit$$0000000C)
    __rt_lib_init_lc_collate_1               0x000001a1   Thumb Code     0  libinit2.o(.ARM.Collect$$libinit$$00000011)
    __rt_lib_init_lc_ctype_1                 0x000001a1   Thumb Code     0  libinit2.o(.ARM.Collect$$libinit$$00000013)
    __rt_lib_init_lc_monetary_1              0x000001a1   Thumb Code     0  libinit2.o(.ARM.Collect$$libinit$$00000015)
    __rt_lib_init_lc_numeric_2               0x000001a1   Thumb Code     0  libinit2.o(.ARM.Collect$$libinit$$00000016)
    __rt_lib_init_atexit_1                   0x000001ab   Thumb Code     0  libinit2.o(.ARM.Collect$$libinit$$0000001B)
    __rt_lib_init_clock_1                    0x000001ab   Thumb Code     0  libinit2.o(.ARM.Collect$$libinit$$00000021)
    __rt_lib_init_fp_trap_1                  0x000001ab   Thumb Code     0  libinit2.o(.ARM.Collect$$libinit$$0000001F)
    __rt_lib_init_getenv_1                   0x000001ab   Thumb Code     0  libinit2.o(.ARM.Collect$$libinit$$00000023)
    __rt_lib_init_lc_numeric_1               0x000001ab   Thumb Code     0  libinit2.o(.ARM.Collect$$libinit$$00000017)
    __rt_lib_init_lc_time_1                  0x000001ab   Thumb Code     0  libinit2.o(.ARM.Collect$$libinit$$00000019)
    __rt_lib_init_signal_1                   0x000001ab   Thumb Code     0  libinit2.o(.ARM.Collect$$libinit$$0000001D)
    __rt_lib_init_stdio_2                    0x000001ab   Thumb Code     0  libinit2.o(.ARM.Collect$$libinit$$00000024)
    __rt_lib_init_alloca_1                   0x000001af   Thumb Code     0  libinit2.o(.ARM.Collect$$libinit$$0000002E)
    __rt_lib_init_argv_1                     0x000001af   Thumb Code     0  libinit2.o(.ARM.Collect$$libinit$$0000002C)
    __rt_lib_init_cpp_1                      0x000001af   Thumb Code     0  libinit2.o(.ARM.Collect$$libinit$$00000032)
    __rt_lib_init_exceptions_1               0x000001af   Thumb Code     0  libinit2.o(.ARM.Collect$$libinit$$00000030)
    __rt_lib_init_return                     0x000001af   Thumb Code     0  libinit2.o(.ARM.Collect$$libinit$$00000033)
    __rt_lib_init_stdio_1                    0x000001af   Thumb Code     0  libinit2.o(.ARM.Collect$$libinit$$00000025)
    __rt_lib_shutdown                        0x000001b1   Thumb Code     0  libshutdown.o(.ARM.Collect$$libshutdown$$00000000)
    __rt_lib_shutdown_stdio_2                0x000001b3   Thumb Code     0  libshutdown2.o(.ARM.Collect$$libshutdown$$00000002)
    __rt_lib_shutdown_fp_trap_1              0x000001b7   Thumb Code     0  libshutdown2.o(.ARM.Collect$$libshutdown$$00000006)
    __rt_lib_shutdown_heap_1                 0x000001b7   Thumb Code     0  libshutdown2.o(.ARM.Collect$$libshutdown$$0000000E)
    __rt_lib_shutdown_return                 0x000001b7   Thumb Code     0  libshutdown2.o(.ARM.Collect$$libshutdown$$0000000F)
    __rt_lib_shutdown_signal_1               0x000001b7   Thumb Code     0  libshutdown2.o(.ARM.Collect$$libshutdown$$00000009)
    __rt_lib_shutdown_stdio_1                0x000001b7   Thumb Code     0  libshutdown2.o(.ARM.Collect$$libshutdown$$00000003)
    __rt_lib_shutdown_user_alloc_1           0x000001b7   Thumb Code     0  libshutdown2.o(.ARM.Collect$$libshutdown$$0000000B)
    __rt_entry                               0x000001b9   Thumb Code     0  __rtentry.o(.ARM.Collect$$rtentry$$00000000)
    __rt_entry_presh_1                       0x000001b9   Thumb Code     0  __rtentry2.o(.ARM.Collect$$rtentry$$00000002)
    __rt_entry_sh                            0x000001b9   Thumb Code     0  __rtentry4.o(.ARM.Collect$$rtentry$$00000004)
    __rt_entry_li                            0x000001bf   Thumb Code     0  __rtentry2.o(.ARM.Collect$$rtentry$$0000000A)
    __rt_entry_postsh_1                      0x000001bf   Thumb Code     0  __rtentry2.o(.ARM.Collect$$rtentry$$00000009)
    __rt_entry_main                          0x000001c3   Thumb Code     0  __rtentry2.o(.ARM.Collect$$rtentry$$0000000D)
    __rt_entry_postli_1                      0x000001c3   Thumb Code     0  __rtentry2.o(.ARM.Collect$$rtentry$$0000000C)
    __rt_exit                                0x000001cb   Thumb Code     0  rtexit.o(.ARM.Collect$$rtexit$$00000000)
    __rt_exit_ls                             0x000001cd   Thumb Code     0  rtexit2.o(.ARM.Collect$$rtexit$$00000003)
    __rt_exit_prels_1                        0x000001cd   Thumb Code     0  rtexit2.o(.ARM.Collect$$rtexit$$00000002)
    __rt_exit_exit                           0x000001d1   Thumb Code     0  rtexit2.o(.ARM.Collect$$rtexit$$00000004)
    Reset_Handler                            0x000001d9   Thumb Code     8  startup_armcm4.o(.text)
    _maybe_terminate_alloc                   0x000001d9   Thumb Code     0  maybetermalloc1.o(.emb_text)
    NMI_Handler                              0x000001e1   Thumb Code     2  startup_armcm4.o(.text)
    HardFault_Handler                        0x000001e3   Thumb Code     2  startup_armcm4.o(.text)
    MemManage_Handler                        0x000001e5   Thumb Code     2  startup_armcm4.o(.text)
    BusFault_Handler                         0x000001e7   Thumb Code     2  startup_armcm4.o(.text)
    UsageFault_Handler                       0x000001e9   Thumb Code     2  startup_armcm4.o(.text)
    SVC_Handler                              0x000001eb   Thumb Code     2  startup_armcm4.o(.text)
    DebugMon_Handler                         0x000001ed   Thumb Code     2  startup_armcm4.o(.text)
    PendSV_Handler                           0x000001ef   Thumb Code     2  startup_armcm4.o(.text)
    SysTick_Handler                          0x000001f1   Thumb Code     2  startup_armcm4.o(.text)
    AACI_IRQHandler                          0x000001f3   Thumb Code     0  startup_armcm4.o(.text)
    CAN_IRQHandler                           0x000001f3   Thumb Code     0  startup_armcm4.o(.text)
    CHLCD_IRQHandler                         0x000001f3   Thumb Code     0  startup_armcm4.o(.text)
    CLCD_IRQHandler                          0x000001f3   Thumb Code     0  startup_armcm4.o(.text)
    CPU_CLCD_IRQHandler                      0x000001f3   Thumb Code     0  startup_armcm4.o(.text)
    ENET_IRQHandler                          0x000001f3   Thumb Code     0  startup_armcm4.o(.text)
    FLEXRAY_IRQHandler                       0x000001f3   Thumb Code     0  startup_armcm4.o(.text)
    I2C_IRQHandler                           0x000001f3   Thumb Code     0  startup_armcm4.o(.text)
    LIN_IRQHandler                           0x000001f3   Thumb Code     0  startup_armcm4.o(.text)
    MCIA_IRQHandler                          0x000001f3   Thumb Code     0  startup_armcm4.o(.text)
    MCIB_IRQHandler                          0x000001f3   Thumb Code     0  startup_armcm4.o(.text)
    RTC_IRQHandler                           0x000001f3   Thumb Code     0  startup_armcm4.o(.text)
    SPI_IRQHandler                           0x000001f3   Thumb Code     0  startup_armcm4.o(.text)
    TIM0_IRQHandler                          0x000001f3   Thumb Code     0  startup_armcm4.o(.text)
    TIM2_IRQHandler                          0x000001f3   Thumb Code     0  startup_armcm4.o(.text)
    UART0_IRQHandler                         0x000001f3   Thumb Code     0  startup_armcm4.o(.text)
    UART1_IRQHandler                         0x000001f3   Thumb Code     0  startup_armcm4.o(.text)
    UART2_IRQHandler                         0x000001f3   Thumb Code     0  startup_armcm4.o(.text)
    UART3_IRQHandler                         0x000001f3   Thumb Code     0  startup_armcm4.o(.text)
    UART4_IRQHandler                         0x000001f3   Thumb Code     0  startup_armcm4.o(.text)
    USBDC_IRQHandler                         0x000001f3   Thumb Code     0  startup_armcm4.o(.text)
    USBHC_IRQHandler                         0x000001f3   Thumb Code     0  startup_armcm4.o(.text)
    WDT_IRQHandler                           0x000001f3   Thumb Code     0  startup_armcm4.o(.text)
    __user_initial_stackheap                 0x000001f5   Thumb Code    10  startup_armcm4.o(.text)
    arm_dot_prod_f32                         0x00000219   Thumb Code   256  arm_dot_prod_f32.o(.text)
    arm_max_f32                              0x0000031d   Thumb Code   216  arm_max_f32.o(.text)
    arm_var_f32                              0x000003f5   Thumb Code   424  arm_var_f32.o(.text)
    __2printf                                0x000005a1   Thumb Code    20  noretval__2printf.o(.text)
    __printf                                 0x000005b9   Thumb Code   104  __printf.o(.text)
    _printf_int_dec                          0x00000621   Thumb Code   104  _printf_dec.o(.text)
    strcmp                                   0x00000699   Thumb Code   128  strcmpv7m.o(.text)
    __use_two_region_memory                  0x00000719   Thumb Code     2  heapauxi.o(.text)
    __rt_heap_escrow                         0x0000071b   Thumb Code     2  heapauxi.o(.text)
    __rt_heap_expand                         0x0000071d   Thumb Code     2  heapauxi.o(.text)
    _printf_int_common                       0x0000071f   Thumb Code   178  _printf_intcommon.o(.text)
    __lib_sel_fp_printf                      0x000007d1   Thumb Code     2  _printf_fp_dec.o(.text)
    _printf_fp_dec_real                      0x0000097f   Thumb Code   620  _printf_fp_dec.o(.text)
    _printf_char_file                        0x00000bed   Thumb Code    32  _printf_char_file.o(.text)
    __rt_locale                              0x00000c11   Thumb Code     8  rt_locale_intlibspace.o(.text)
    _ll_udiv10                               0x00000c19   Thumb Code   138  lludiv10.o(.text)
    _printf_char_common                      0x00000caf   Thumb Code    32  _printf_char_common.o(.text)
    _printf_fp_infnan                        0x00000cd5   Thumb Code   112  _printf_fp_infnan.o(.text)
    _btod_etento                             0x00000d55   Thumb Code   216  bigflt0.o(.text)
    ferror                                   0x00000e31   Thumb Code     8  ferror.o(.text)
    _initio                                  0x00000e39   Thumb Code   210  initio.o(.text)
    _terminateio                             0x00000f0b   Thumb Code    56  initio.o(.text)
    __user_libspace                          0x00000f71   Thumb Code     8  libspace.o(.text)
    __user_perproc_libspace                  0x00000f71   Thumb Code     0  libspace.o(.text)
    __user_perthread_libspace                0x00000f71   Thumb Code     0  libspace.o(.text)
    __user_setup_stackheap                   0x00000f79   Thumb Code    74  sys_stackheap_outer.o(.text)
    free                                     0x00000fc3   Thumb Code    78  h1_free.o(.text)
    __flsbuf                                 0x00001011   Thumb Code   470  flsbuf.o(.text)
    __flsbuf_byte                            0x00001011   Thumb Code     0  flsbuf.o(.text)
    __flsbuf_wide                            0x00001011   Thumb Code     0  flsbuf.o(.text)
    setvbuf                                  0x000011e7   Thumb Code    70  setvbuf.o(.text)
    freopen                                  0x0000122d   Thumb Code   158  fopen.o(.text)
    fopen                                    0x000012cb   Thumb Code    74  fopen.o(.text)
    _fclose_internal                         0x00001319   Thumb Code    76  fclose.o(.text)
    fclose                                   0x00001319   Thumb Code     0  fclose.o(.text)
    exit                                     0x00001365   Thumb Code    12  exit.o(.text)
    __rt_SIGRTRED                            0x00001371   Thumb Code    14  defsig_rtred_outer.o(.text)
    __aeabi_memclr4                          0x0000137f   Thumb Code     0  rt_memclr_w.o(.text)
    __aeabi_memclr8                          0x0000137f   Thumb Code     0  rt_memclr_w.o(.text)
    __rt_memclr_w                            0x0000137f   Thumb Code    78  rt_memclr_w.o(.text)
    _memset_w                                0x00001383   Thumb Code     0  rt_memclr_w.o(.text)
    __rt_heap_descriptor                     0x000013cd   Thumb Code     8  rt_heap_descriptor_intlibspace.o(.text)
    __use_no_heap                            0x000013d5   Thumb Code     2  hguard.o(.text)
    __heap$guard                             0x000013d7   Thumb Code     2  hguard.o(.text)
    _terminate_user_alloc                    0x000013d9   Thumb Code     2  init_alloc.o(.text)
    _init_user_alloc                         0x000013db   Thumb Code     2  init_alloc.o(.text)
    __Heap_Full                              0x000013dd   Thumb Code    34  init_alloc.o(.text)
    __Heap_Broken                            0x000013ff   Thumb Code     6  init_alloc.o(.text)
    _init_alloc                              0x00001405   Thumb Code    94  init_alloc.o(.text)
    malloc                                   0x00001463   Thumb Code    94  h1_alloc.o(.text)
    _fp_trap                                 0x000014c1   Thumb Code    44  _fptrap.o(.text)
    _fseek                                   0x000014f1   Thumb Code   242  fseek.o(.text)
    fseek                                    0x000014f1   Thumb Code     0  fseek.o(.text)
    _seterr                                  0x000015e9   Thumb Code    20  stdio.o(.text)
    _writebuf                                0x000015fd   Thumb Code    84  stdio.o(.text)
    _fflush                                  0x00001651   Thumb Code    70  stdio.o(.text)
    _deferredlazyseek                        0x00001697   Thumb Code    60  stdio.o(.text)
    __sig_exit                               0x000016d9   Thumb Code    10  defsig_exit.o(.text)
    __rt_SIGRTRED_inner                      0x000016e5   Thumb Code    14  defsig_rtred_inner.o(.text)
    _sys_exit                                0x00001719   Thumb Code     8  sys_exit.o(.text)
    __Heap_Initialize                        0x00001725   Thumb Code    10  h1_init.o(.text)
    __Heap_DescSize                          0x0000172f   Thumb Code     4  h1_init.o(.text)
    __Heap_ProvideMemory                     0x00001733   Thumb Code    52  h1_extend.o(.text)
    _ftell_internal                          0x00001767   Thumb Code    66  ftell.o(.text)
    ftell                                    0x00001767   Thumb Code     0  ftell.o(.text)
    __default_signal_display                 0x000017a9   Thumb Code    50  defsig_general.o(.text)
    __rt_SIGFPE                              0x000017db   Thumb Code    14  defsig_fpe_outer.o(.text)
    __rt_SIGRTMEM                            0x000017e9   Thumb Code    14  defsig_rtmem_outer.o(.text)
    _ttywrch                                 0x000017f7   Thumb Code    14  sys_wrch.o(.text)
    __I$use$semihosting                      0x00001805   Thumb Code     0  use_no_semi.o(.text)
    __use_no_semihosting_swi                 0x00001805   Thumb Code     2  use_no_semi.o(.text)
    __semihosting_library_function           0x00001807   Thumb Code     0  indicate_semi.o(.text)
    __aeabi_errno_addr                       0x00001809   Thumb Code     8  rt_errno_addr_intlibspace.o(.text)
    __errno$intlibspace                      0x00001809   Thumb Code     0  rt_errno_addr_intlibspace.o(.text)
    __rt_errno_addr$intlibspace              0x00001809   Thumb Code     0  rt_errno_addr_intlibspace.o(.text)
    __rt_SIGFPE_inner                        0x00001811   Thumb Code    62  defsig_fpe_inner.o(.text)
    __rt_SIGRTMEM_inner                      0x000018bd   Thumb Code    22  defsig_rtmem_inner.o(.text)
    _btod_d2e                                0x0000190d   Thumb Code    62  btod.o(CL$$btod_d2e)
    _d2e_denorm_low                          0x0000194b   Thumb Code    70  btod.o(CL$$btod_d2e_denorm_low)
    _d2e_norm_op1                            0x00001991   Thumb Code    96  btod.o(CL$$btod_d2e_norm_op1)
    __btod_div_common                        0x000019f1   Thumb Code   696  btod.o(CL$$btod_div_common)
    _e2e                                     0x00001d29   Thumb Code   198  btod.o(CL$$btod_e2e)
    _btod_ediv                               0x00001def   Thumb Code    40  btod.o(CL$$btod_ediv)
    _btod_emul                               0x00001e17   Thumb Code    40  btod.o(CL$$btod_emul)
    __btod_mult_common                       0x00001e3f   Thumb Code   580  btod.o(CL$$btod_mult_common)
    ITM_SendChar                             0x00002085   Thumb Code    42  retarget_io.o(i.ITM_SendChar)
    SystemInit                               0x000020b5   Thumb Code    30  system_armcm4.o(i.SystemInit)
    __ARM_fpclassify                         0x000020e5   Thumb Code    48  fpclassify.o(i.__ARM_fpclassify)
    _sys_close                               0x00002115   Thumb Code    38  retarget_io.o(i._sys_close)
    _sys_flen                                0x0000213b   Thumb Code    36  retarget_io.o(i._sys_flen)
    _sys_istty                               0x0000215f   Thumb Code    36  retarget_io.o(i._sys_istty)
    _sys_open                                0x00002185   Thumb Code    80  retarget_io.o(i._sys_open)
    _sys_seek                                0x000021ed   Thumb Code    44  retarget_io.o(i._sys_seek)
    _sys_write                               0x00002219   Thumb Code    70  retarget_io.o(i._sys_write)
    dp_c                                     0x00002261   Thumb Code    52  main.o(i.dp_c)
    fputc                                    0x00002299   Thumb Code    26  fputc.o(i.fputc)
    main                                     0x000022b5   Thumb Code   386  main.o(i.main)
    variance_c                               0x00002569   Thumb Code   142  main.o(i.variance_c)
    _get_lc_numeric                          0x000025fd   Thumb Code    44  lc_numeric_c.o(locale$$code)
    asm_max                                  0x00002629   Thumb Code     0  asm_max.o(test)
    asm_dot                                  0x0000265d   Thumb Code     0  asm_dot.o(test)
    __dflt_normalise                         0x00002695   Thumb Code    26  dflt_clz.o(x$fpl$dfltn)
    __fpl_dretinf                            0x000026af   Thumb Code    12  dretinf.o(x$fpl$dretinf)
    __fpl_exception                          0x000026bd   Thumb Code   454  except.o(x$fpl$exception)
    __aeabi_f2d                              0x000028a9   Thumb Code     0  f2d.o(x$fpl$f2d)
    _f2d                                     0x000028a9   Thumb Code   122  f2d.o(x$fpl$f2d)
    __fpl_fnaninf                            0x00002923   Thumb Code   242  fnaninf.o(x$fpl$fnaninf)
    _fp_init                                 0x00002a15   Thumb Code    10  fpinit.o(x$fpl$fpinit)
    __fplib_config_fpu_vfp                   0x00002a1d   Thumb Code     0  fpinit.o(x$fpl$fpinit)
    __fplib_config_pureend_doubles           0x00002a1d   Thumb Code     0  fpinit.o(x$fpl$fpinit)
    __funder                                 0x00002a1f   Thumb Code   254  funder_clz.o(x$fpl$funder)
    __funder_d                               0x00002b1d   Thumb Code    62  funder_clz.o(x$fpl$funder)
    __ieee_status                            0x00002b5d   Thumb Code    28  istatus.o(x$fpl$ieeestatus)
    _printf_fp_dec                           0x00002b7d   Thumb Code     4  printf1.o(x$fpl$printf1)
    __fpl_return_NaN                         0x00002b81   Thumb Code   178  retnan.o(x$fpl$retnan)
    _fp_trapveneer                           0x00002c33   Thumb Code    36  trapv.o(x$fpl$trapveneer)
    __fpl_cmpreturn                          0x00002c57   Thumb Code    90  trapv.o(x$fpl$trapveneer)
    __I$use$fp                               0x00002cb0   Number         0  usenofp.o(x$fpl$usenofp)
    __stdin_name                             0x00002cc8   Data           7  retarget_io.o(.constdata)
    __stdout_name                            0x00002ccf   Data           8  retarget_io.o(.constdata)
    __stderr_name                            0x00002cd7   Data           8  retarget_io.o(.constdata)
    Region$$Table$$Base                      0x00002d74   Number         0  anon$$obj.o(Region$$Table)
    Region$$Table$$Limit                     0x00002d94   Number         0  anon$$obj.o(Region$$Table)
    f10_array                                0x20000000   Data          40  main.o(.data)
    f1000_array                              0x20000028   Data        4000  main.o(.data)
    SystemCoreClock                          0x20000fc8   Data           4  system_armcm4.o(.data)
    __aeabi_stdin                            0x20000fcc   Data           4  stdio_streams.o(.data)
    __aeabi_stdout                           0x20000fd0   Data           4  stdio_streams.o(.data)
    __aeabi_stderr                           0x20000fd4   Data           4  stdio_streams.o(.data)
    __stdin                                  0x20000fd8   Data          84  stdio_streams.o(.bss)
    __stdout                                 0x2000102c   Data          84  stdio_streams.o(.bss)
    __stderr                                 0x20001080   Data          84  stdio_streams.o(.bss)
    __libspace_start                         0x200010d4   Data          96  libspace.o(.bss)
    __temporary_stack_top$libspace           0x20001134   Data           0  libspace.o(.bss)



==============================================================================

Memory Map of the image

  Image Entry point : 0x000001d9

  Load Region LR_1 (Base: 0x00000000, Size: 0x00003d88, Max: 0xffffffff, ABSOLUTE, COMPRESSED[0x00003be0])

    Execution Region ER_RO (Base: 0x00000000, Size: 0x00002db0, Max: 0xffffffff, ABSOLUTE)

    Base Addr    Size         Type   Attr      Idx    E Section Name        Object

    0x00000000   0x000000c0   Data   RO          187    RESET               startup_armcm4.o
    0x000000c0   0x00000008   Code   RO          418  * !!!main             c_w.l(__main.o)
    0x000000c8   0x00000034   Code   RO          835    !!!scatter          c_w.l(__scatter.o)
    0x000000fc   0x00000064   Code   RO          833    !!dclz77c           c_w.l(__dclz77c.o)
    0x00000160   0x0000001c   Code   RO          837    !!handler_zi        c_w.l(__scatter_zi.o)
    0x0000017c   0x00000000   Code   RO          413    .ARM.Collect$$_printf_percent$$00000000  c_w.l(_printf_percent.o)
    0x0000017c   0x00000006   Code   RO          412    .ARM.Collect$$_printf_percent$$00000003  c_w.l(_printf_f.o)
    0x00000182   0x00000006   Code   RO          411    .ARM.Collect$$_printf_percent$$00000009  c_w.l(_printf_d.o)
    0x00000188   0x00000004   Code   RO          431    .ARM.Collect$$_printf_percent$$00000017  c_w.l(_printf_percent_end.o)
    0x0000018c   0x00000002   Code   RO          616    .ARM.Collect$$libinit$$00000000  c_w.l(libinit.o)
    0x0000018e   0x00000004   Code   RO          617    .ARM.Collect$$libinit$$00000001  c_w.l(libinit2.o)
    0x00000192   0x00000000   Code   RO          620    .ARM.Collect$$libinit$$00000004  c_w.l(libinit2.o)
    0x00000192   0x00000008   Code   RO          621    .ARM.Collect$$libinit$$00000005  c_w.l(libinit2.o)
    0x0000019a   0x00000000   Code   RO          623    .ARM.Collect$$libinit$$0000000A  c_w.l(libinit2.o)
    0x0000019a   0x00000000   Code   RO          625    .ARM.Collect$$libinit$$0000000C  c_w.l(libinit2.o)
    0x0000019a   0x00000000   Code   RO          627    .ARM.Collect$$libinit$$0000000E  c_w.l(libinit2.o)
    0x0000019a   0x00000006   Code   RO          628    .ARM.Collect$$libinit$$0000000F  c_w.l(libinit2.o)
    0x000001a0   0x00000000   Code   RO          630    .ARM.Collect$$libinit$$00000011  c_w.l(libinit2.o)
    0x000001a0   0x00000000   Code   RO          632    .ARM.Collect$$libinit$$00000013  c_w.l(libinit2.o)
    0x000001a0   0x00000000   Code   RO          634    .ARM.Collect$$libinit$$00000015  c_w.l(libinit2.o)
    0x000001a0   0x0000000a   Code   RO          635    .ARM.Collect$$libinit$$00000016  c_w.l(libinit2.o)
    0x000001aa   0x00000000   Code   RO          636    .ARM.Collect$$libinit$$00000017  c_w.l(libinit2.o)
    0x000001aa   0x00000000   Code   RO          638    .ARM.Collect$$libinit$$00000019  c_w.l(libinit2.o)
    0x000001aa   0x00000000   Code   RO          640    .ARM.Collect$$libinit$$0000001B  c_w.l(libinit2.o)
    0x000001aa   0x00000000   Code   RO          642    .ARM.Collect$$libinit$$0000001D  c_w.l(libinit2.o)
    0x000001aa   0x00000000   Code   RO          644    .ARM.Collect$$libinit$$0000001F  c_w.l(libinit2.o)
    0x000001aa   0x00000000   Code   RO          646    .ARM.Collect$$libinit$$00000021  c_w.l(libinit2.o)
    0x000001aa   0x00000000   Code   RO          648    .ARM.Collect$$libinit$$00000023  c_w.l(libinit2.o)
    0x000001aa   0x00000004   Code   RO          649    .ARM.Collect$$libinit$$00000024  c_w.l(libinit2.o)
    0x000001ae   0x00000000   Code   RO          650    .ARM.Collect$$libinit$$00000025  c_w.l(libinit2.o)
    0x000001ae   0x00000000   Code   RO          654    .ARM.Collect$$libinit$$0000002C  c_w.l(libinit2.o)
    0x000001ae   0x00000000   Code   RO          656    .ARM.Collect$$libinit$$0000002E  c_w.l(libinit2.o)
    0x000001ae   0x00000000   Code   RO          658    .ARM.Collect$$libinit$$00000030  c_w.l(libinit2.o)
    0x000001ae   0x00000000   Code   RO          660    .ARM.Collect$$libinit$$00000032  c_w.l(libinit2.o)
    0x000001ae   0x00000002   Code   RO          661    .ARM.Collect$$libinit$$00000033  c_w.l(libinit2.o)
    0x000001b0   0x00000002   Code   RO          814    .ARM.Collect$$libshutdown$$00000000  c_w.l(libshutdown.o)
    0x000001b2   0x00000004   Code   RO          663    .ARM.Collect$$libshutdown$$00000002  c_w.l(libshutdown2.o)
    0x000001b6   0x00000000   Code   RO          664    .ARM.Collect$$libshutdown$$00000003  c_w.l(libshutdown2.o)
    0x000001b6   0x00000000   Code   RO          667    .ARM.Collect$$libshutdown$$00000006  c_w.l(libshutdown2.o)
    0x000001b6   0x00000000   Code   RO          670    .ARM.Collect$$libshutdown$$00000009  c_w.l(libshutdown2.o)
    0x000001b6   0x00000000   Code   RO          672    .ARM.Collect$$libshutdown$$0000000B  c_w.l(libshutdown2.o)
    0x000001b6   0x00000000   Code   RO          675    .ARM.Collect$$libshutdown$$0000000E  c_w.l(libshutdown2.o)
    0x000001b6   0x00000002   Code   RO          676    .ARM.Collect$$libshutdown$$0000000F  c_w.l(libshutdown2.o)
    0x000001b8   0x00000000   Code   RO          424    .ARM.Collect$$rtentry$$00000000  c_w.l(__rtentry.o)
    0x000001b8   0x00000000   Code   RO          450    .ARM.Collect$$rtentry$$00000002  c_w.l(__rtentry2.o)
    0x000001b8   0x00000006   Code   RO          462    .ARM.Collect$$rtentry$$00000004  c_w.l(__rtentry4.o)
    0x000001be   0x00000000   Code   RO          452    .ARM.Collect$$rtentry$$00000009  c_w.l(__rtentry2.o)
    0x000001be   0x00000004   Code   RO          453    .ARM.Collect$$rtentry$$0000000A  c_w.l(__rtentry2.o)
    0x000001c2   0x00000000   Code   RO          455    .ARM.Collect$$rtentry$$0000000C  c_w.l(__rtentry2.o)
    0x000001c2   0x00000008   Code   RO          456    .ARM.Collect$$rtentry$$0000000D  c_w.l(__rtentry2.o)
    0x000001ca   0x00000002   Code   RO          683    .ARM.Collect$$rtexit$$00000000  c_w.l(rtexit.o)
    0x000001cc   0x00000000   Code   RO          741    .ARM.Collect$$rtexit$$00000002  c_w.l(rtexit2.o)
    0x000001cc   0x00000004   Code   RO          742    .ARM.Collect$$rtexit$$00000003  c_w.l(rtexit2.o)
    0x000001d0   0x00000006   Code   RO          743    .ARM.Collect$$rtexit$$00000004  c_w.l(rtexit2.o)
    0x000001d6   0x00000002   PAD
    0x000001d8   0x00000000   Code   RO          747    .emb_text           c_w.l(maybetermalloc1.o)
    0x000001d8   0x00000040   Code   RO          188  * .text               startup_armcm4.o
    0x00000218   0x00000104   Code   RO          288    .text               arm_cortexM4lf_math.lib(arm_dot_prod_f32.o)
    0x0000031c   0x000000d8   Code   RO          336    .text               arm_cortexM4lf_math.lib(arm_max_f32.o)
    0x000003f4   0x000001ac   Code   RO          360    .text               arm_cortexM4lf_math.lib(arm_var_f32.o)
    0x000005a0   0x00000018   Code   RO          385    .text               c_w.l(noretval__2printf.o)
    0x000005b8   0x00000068   Code   RO          387    .text               c_w.l(__printf.o)
    0x00000620   0x00000078   Code   RO          389    .text               c_w.l(_printf_dec.o)
    0x00000698   0x00000080   Code   RO          414    .text               c_w.l(strcmpv7m.o)
    0x00000718   0x00000006   Code   RO          416    .text               c_w.l(heapauxi.o)
    0x0000071e   0x000000b2   Code   RO          425    .text               c_w.l(_printf_intcommon.o)
    0x000007d0   0x0000041a   Code   RO          427    .text               c_w.l(_printf_fp_dec.o)
    0x00000bea   0x00000002   PAD
    0x00000bec   0x00000024   Code   RO          429    .text               c_w.l(_printf_char_file.o)
    0x00000c10   0x00000008   Code   RO          467    .text               c_w.l(rt_locale_intlibspace.o)
    0x00000c18   0x0000008a   Code   RO          469    .text               c_w.l(lludiv10.o)
    0x00000ca2   0x00000002   PAD
    0x00000ca4   0x00000030   Code   RO          471    .text               c_w.l(_printf_char_common.o)
    0x00000cd4   0x00000080   Code   RO          473    .text               c_w.l(_printf_fp_infnan.o)
    0x00000d54   0x000000dc   Code   RO          475    .text               c_w.l(bigflt0.o)
    0x00000e30   0x00000008   Code   RO          500    .text               c_w.l(ferror.o)
    0x00000e38   0x00000138   Code   RO          506    .text               c_w.l(initio.o)
    0x00000f70   0x00000008   Code   RO          525    .text               c_w.l(libspace.o)
    0x00000f78   0x0000004a   Code   RO          530    .text               c_w.l(sys_stackheap_outer.o)
    0x00000fc2   0x0000004e   Code   RO          534    .text               c_w.l(h1_free.o)
    0x00001010   0x000001d6   Code   RO          590    .text               c_w.l(flsbuf.o)
    0x000011e6   0x00000046   Code   RO          592    .text               c_w.l(setvbuf.o)
    0x0000122c   0x000000ec   Code   RO          595    .text               c_w.l(fopen.o)
    0x00001318   0x0000004c   Code   RO          597    .text               c_w.l(fclose.o)
    0x00001364   0x0000000c   Code   RO          603    .text               c_w.l(exit.o)
    0x00001370   0x0000000e   Code   RO          605    .text               c_w.l(defsig_rtred_outer.o)
    0x0000137e   0x0000004e   Code   RO          609    .text               c_w.l(rt_memclr_w.o)
    0x000013cc   0x00000008   Code   RO          690    .text               c_w.l(rt_heap_descriptor_intlibspace.o)
    0x000013d4   0x00000004   Code   RO          692    .text               c_w.l(hguard.o)
    0x000013d8   0x0000008a   Code   RO          694    .text               c_w.l(init_alloc.o)
    0x00001462   0x0000005e   Code   RO          700    .text               c_w.l(h1_alloc.o)
    0x000014c0   0x00000030   Code   RO          714    .text               c_w.l(_fptrap.o)
    0x000014f0   0x000000f8   Code   RO          718    .text               c_w.l(fseek.o)
    0x000015e8   0x000000f0   Code   RO          720    .text               c_w.l(stdio.o)
    0x000016d8   0x0000000a   Code   RO          726    .text               c_w.l(defsig_exit.o)
    0x000016e2   0x00000002   PAD
    0x000016e4   0x00000034   Code   RO          728    .text               c_w.l(defsig_rtred_inner.o)
    0x00001718   0x0000000c   Code   RO          738    .text               c_w.l(sys_exit.o)
    0x00001724   0x0000000e   Code   RO          749    .text               c_w.l(h1_init.o)
    0x00001732   0x00000034   Code   RO          751    .text               c_w.l(h1_extend.o)
    0x00001766   0x00000042   Code   RO          761    .text               c_w.l(ftell.o)
    0x000017a8   0x00000032   Code   RO          769    .text               c_w.l(defsig_general.o)
    0x000017da   0x0000000e   Code   RO          771    .text               c_w.l(defsig_fpe_outer.o)
    0x000017e8   0x0000000e   Code   RO          775    .text               c_w.l(defsig_rtmem_outer.o)
    0x000017f6   0x0000000e   Code   RO          790    .text               c_w.l(sys_wrch.o)
    0x00001804   0x00000002   Code   RO          794    .text               c_w.l(use_no_semi.o)
    0x00001806   0x00000000   Code   RO          796    .text               c_w.l(indicate_semi.o)
    0x00001806   0x00000002   PAD
    0x00001808   0x00000008   Code   RO          800    .text               c_w.l(rt_errno_addr_intlibspace.o)
    0x00001810   0x000000ac   Code   RO          806    .text               c_w.l(defsig_fpe_inner.o)
    0x000018bc   0x00000050   Code   RO          808    .text               c_w.l(defsig_rtmem_inner.o)
    0x0000190c   0x0000003e   Code   RO          478    CL$$btod_d2e        c_w.l(btod.o)
    0x0000194a   0x00000046   Code   RO          480    CL$$btod_d2e_denorm_low  c_w.l(btod.o)
    0x00001990   0x00000060   Code   RO          479    CL$$btod_d2e_norm_op1  c_w.l(btod.o)
    0x000019f0   0x00000338   Code   RO          488    CL$$btod_div_common  c_w.l(btod.o)
    0x00001d28   0x000000c6   Code   RO          485    CL$$btod_e2e        c_w.l(btod.o)
    0x00001dee   0x00000028   Code   RO          482    CL$$btod_ediv       c_w.l(btod.o)
    0x00001e16   0x00000028   Code   RO          481    CL$$btod_emul       c_w.l(btod.o)
    0x00001e3e   0x00000244   Code   RO          487    CL$$btod_mult_common  c_w.l(btod.o)
    0x00002082   0x00000002   PAD
    0x00002084   0x00000030   Code   RO           98    i.ITM_SendChar      retarget_io.o
    0x000020b4   0x00000030   Code   RO          196    i.SystemInit        system_armcm4.o
    0x000020e4   0x00000030   Code   RO          523    i.__ARM_fpclassify  m_wm.l(fpclassify.o)
    0x00002114   0x00000026   Code   RO           99    i._sys_close        retarget_io.o
    0x0000213a   0x00000024   Code   RO          100    i._sys_flen         retarget_io.o
    0x0000215e   0x00000024   Code   RO          101    i._sys_istty        retarget_io.o
    0x00002182   0x00000002   PAD
    0x00002184   0x00000068   Code   RO          102    i._sys_open         retarget_io.o
    0x000021ec   0x0000002c   Code   RO          104    i._sys_seek         retarget_io.o
    0x00002218   0x00000046   Code   RO          105    i._sys_write        retarget_io.o
    0x0000225e   0x00000002   PAD
    0x00002260   0x00000038   Code   RO            4    i.dp_c              main.o
    0x00002298   0x0000001a   Code   RO          503    i.fputc             c_w.l(fputc.o)
    0x000022b2   0x00000002   PAD
    0x000022b4   0x000002a8   Code   RO            6    i.main              main.o
    0x0000255c   0x0000000c   Code   RO          106    i.stdout_putchar    retarget_io.o
    0x00002568   0x00000094   Code   RO            7    i.variance_c        main.o
    0x000025fc   0x0000002c   Code   RO          515    locale$$code        c_w.l(lc_numeric_c.o)
    0x00002628   0x00000032   Code   RO           88    test                asm_max.o
    0x0000265a   0x00000002   PAD
    0x0000265c   0x00000038   Code   RO           91    test                asm_dot.o
    0x00002694   0x0000001a   Code   RO          440    x$fpl$dfltn         g_wm.l(dflt_clz.o)
    0x000026ae   0x0000000c   Code   RO          444    x$fpl$dretinf       g_wm.l(dretinf.o)
    0x000026ba   0x00000002   PAD
    0x000026bc   0x000001ec   Code   RO          517    x$fpl$exception     g_wm.l(except.o)
    0x000028a8   0x0000007a   Code   RO          420    x$fpl$f2d           g_wm.l(f2d.o)
    0x00002922   0x000000f2   Code   RO          446    x$fpl$fnaninf       g_wm.l(fnaninf.o)
    0x00002a14   0x0000000a   Code   RO          736    x$fpl$fpinit        g_wm.l(fpinit.o)
    0x00002a1e   0x0000013c   Code   RO          519    x$fpl$funder        g_wm.l(funder_clz.o)
    0x00002b5a   0x00000002   PAD
    0x00002b5c   0x00000020   Code   RO          521    x$fpl$ieeestatus    g_wm.l(istatus.o)
    0x00002b7c   0x00000004   Code   RO          422    x$fpl$printf1       g_wm.l(printf1.o)
    0x00002b80   0x000000b2   Code   RO          679    x$fpl$retnan        g_wm.l(retnan.o)
    0x00002c32   0x0000007e   Code   RO          681    x$fpl$trapveneer    g_wm.l(trapv.o)
    0x00002cb0   0x00000000   Code   RO          448    x$fpl$usenofp       g_wm.l(usenofp.o)
    0x00002cb0   0x00000018   Data   RO            8    .constdata          main.o
    0x00002cc8   0x00000017   Data   RO          107    .constdata          retarget_io.o
    0x00002cdf   0x00000001   PAD
    0x00002ce0   0x00000094   Data   RO          476    .constdata          c_w.l(bigflt0.o)
    0x00002d74   0x00000020   Data   RO          831    Region$$Table       anon$$obj.o
    0x00002d94   0x0000001c   Data   RO          514    locale$$data        c_w.l(lc_numeric_c.o)


    Execution Region ER_RW (Base: 0x20000000, Size: 0x00000fd8, Max: 0xffffffff, ABSOLUTE, COMPRESSED[0x00000e30])

    Base Addr    Size         Type   Attr      Idx    E Section Name        Object

    0x20000000   0x00000fc8   Data   RW            9    .data               main.o
    0x20000fc8   0x00000004   Data   RW          197    .data               system_armcm4.o
    0x20000fcc   0x00000004   Data   RW          435    .data               c_w.l(stdio_streams.o)
    0x20000fd0   0x00000004   Data   RW          436    .data               c_w.l(stdio_streams.o)
    0x20000fd4   0x00000004   Data   RW          437    .data               c_w.l(stdio_streams.o)


    Execution Region ER_ZI (Base: 0x20000fd8, Size: 0x00001160, Max: 0xffffffff, ABSOLUTE)

    Base Addr    Size         Type   Attr      Idx    E Section Name        Object

    0x20000fd8   0x00000054   Zero   RW          432    .bss                c_w.l(stdio_streams.o)
    0x2000102c   0x00000054   Zero   RW          433    .bss                c_w.l(stdio_streams.o)
    0x20001080   0x00000054   Zero   RW          434    .bss                c_w.l(stdio_streams.o)
    0x200010d4   0x00000060   Zero   RW          526    .bss                c_w.l(libspace.o)
    0x20001134   0x00000004   PAD
    0x20001138   0x00000c00   Zero   RW          186    HEAP                startup_armcm4.o
    0x20001d38   0x00000400   Zero   RW          185    STACK               startup_armcm4.o


==============================================================================

Image component sizes


      Code (inc. data)   RO Data    RW Data    ZI Data      Debug   Object Name

        56          0          0          0          0        204   asm_dot.o
        50          0          0          0          0        200   asm_max.o
       884        304         24       4040          0       8455   main.o
       388         30         23          0          0       6678   retarget_io.o
        64         26        192          0       4096        864   startup_armcm4.o
        48         18          0          4          0        659   system_armcm4.o

    ----------------------------------------------------------------------
      1496        378        272       4044       4096      17060   Object Totals
         0          0         32          0          0          0   (incl. Generated)
         6          0          1          0          0          0   (incl. Padding)

    ----------------------------------------------------------------------

      Code (inc. data)   RO Data    RW Data    ZI Data      Debug   Library Member Name

         0          0          0          0          0      16424   arm_add_f32.o
       260          4          0          0          0       1207   arm_dot_prod_f32.o
       216          0          0          0          0       1742   arm_max_f32.o
       428          4          0          0          0       1734   arm_var_f32.o
       100          0          0          0          0          0   __dclz77c.o
         8          0          0          0          0         68   __main.o
       104          0          0          0          0         84   __printf.o
         0          0          0          0          0          0   __rtentry.o
        12          0          0          0          0          0   __rtentry2.o
         6          0          0          0          0          0   __rtentry4.o
        52          8          0          0          0          0   __scatter.o
        28          0          0          0          0          0   __scatter_zi.o
        48          4          0          0          0         84   _fptrap.o
        48          6          0          0          0         96   _printf_char_common.o
        36          4          0          0          0         80   _printf_char_file.o
         6          0          0          0          0          0   _printf_d.o
       120         16          0          0          0         92   _printf_dec.o
         6          0          0          0          0          0   _printf_f.o
      1050          0          0          0          0        216   _printf_fp_dec.o
       128         16          0          0          0         84   _printf_fp_infnan.o
       178          0          0          0          0         88   _printf_intcommon.o
         0          0          0          0          0          0   _printf_percent.o
         4          0          0          0          0          0   _printf_percent_end.o
       220          4        148          0          0         96   bigflt0.o
      1910        128          0          0          0        672   btod.o
        10          0          0          0          0         68   defsig_exit.o
       172        110          0          0          0         76   defsig_fpe_inner.o
        14          0          0          0          0         80   defsig_fpe_outer.o
        50          0          0          0          0         88   defsig_general.o
        80         58          0          0          0         76   defsig_rtmem_inner.o
        14          0          0          0          0         80   defsig_rtmem_outer.o
        52         38          0          0          0         76   defsig_rtred_inner.o
        14          0          0          0          0         80   defsig_rtred_outer.o
        12          0          0          0          0         72   exit.o
        76          0          0          0          0         88   fclose.o
         8          0          0          0          0         68   ferror.o
       470          0          0          0          0         88   flsbuf.o
       236          4          0          0          0        128   fopen.o
        26          0          0          0          0         68   fputc.o
       248          6          0          0          0         84   fseek.o
        66          0          0          0          0         76   ftell.o
        94          0          0          0          0         80   h1_alloc.o
        52          0          0          0          0         68   h1_extend.o
        78          0          0          0          0         80   h1_free.o
        14          0          0          0          0         84   h1_init.o
         6          0          0          0          0        152   heapauxi.o
         4          0          0          0          0        136   hguard.o
         0          0          0          0          0          0   indicate_semi.o
       138          0          0          0          0        168   init_alloc.o
       312         46          0          0          0        112   initio.o
        44         10         28          0          0         76   lc_numeric_c.o
         2          0          0          0          0          0   libinit.o
        34          0          0          0          0          0   libinit2.o
         2          0          0          0          0          0   libshutdown.o
         6          0          0          0          0          0   libshutdown2.o
         8          4          0          0         96         68   libspace.o
       138          0          0          0          0         80   lludiv10.o
         0          0          0          0          0          0   maybetermalloc1.o
        24          4          0          0          0         84   noretval__2printf.o
         8          4          0          0          0         68   rt_errno_addr_intlibspace.o
         8          4          0          0          0         68   rt_heap_descriptor_intlibspace.o
         8          4          0          0          0         68   rt_locale_intlibspace.o
        78          0          0          0          0         80   rt_memclr_w.o
         2          0          0          0          0          0   rtexit.o
        10          0          0          0          0          0   rtexit2.o
        70          0          0          0          0         80   setvbuf.o
       240          6          0          0          0        156   stdio.o
         0          0          0         12        252          0   stdio_streams.o
       128          0          0          0          0         68   strcmpv7m.o
        12          4          0          0          0         68   sys_exit.o
        74          0          0          0          0         80   sys_stackheap_outer.o
        14          0          0          0          0         76   sys_wrch.o
         2          0          0          0          0         68   use_no_semi.o
        26          0          0          0          0        116   dflt_clz.o
        12          0          0          0          0        116   dretinf.o
       492         36          0          0          0        148   except.o
       122          8          0          0          0        132   f2d.o
       242          4          0          0          0        144   fnaninf.o
        10          0          0          0          0        116   fpinit.o
       316          0          0          0          0        132   funder_clz.o
        32          4          0          0          0        116   istatus.o
         4          0          0          0          0        116   printf1.o
       178          0          0          0          0        116   retnan.o
       126          0          0          0          0        148   trapv.o
         0          0          0          0          0          0   usenofp.o
        48          0          0          0          0        124   fpclassify.o

    ----------------------------------------------------------------------
      9752        548        176         12        352      27655   Library Totals
        18          0          0          0          4          0   (incl. Padding)

    ----------------------------------------------------------------------

      Code (inc. data)   RO Data    RW Data    ZI Data      Debug   Library Name

       904          8          0          0          0      21107   arm_cortexM4lf_math.lib
      7222        488        176         12        348       5024   c_w.l
      1560         52          0          0          0       1400   g_wm.l
        48          0          0          0          0        124   m_wm.l

    ----------------------------------------------------------------------
      9752        548        176         12        352      27655   Library Totals

    ----------------------------------------------------------------------

==============================================================================


      Code (inc. data)   RO Data    RW Data    ZI Data      Debug   

     11248        926        448       4056       4448      39855   Grand Totals
     11248        926        448       3632       4448      39855   ELF Image Totals (compressed)
     11248        926        448       3632          0          0   ROM Totals

==============================================================================

    Total RO  Size (Code + RO Data)                11696 (  11.42kB)
    Total RW  Size (RW Data + ZI Data)              8504 (   8.30kB)
    Total ROM Size (Code + RO Data + RW Data)      15328 (  14.97kB)

==============================================================================

