


ARM Macro Assembler    Page 1 


    1 00000000                 AREA             test, CODE, READONLY
    2 00000000         
    3 00000000                 export           asm_dot     ; label must be exp
                                                            orted if it is to b
                                                            e used as a functio
                                                            n in C
    4 00000000         asm_dot
    5 00000000         
    6 00000000         ;**For ref: r0 = a, r1 = b, r2 = N, r3 = output result; 
                       as outlined in header file;
    7 00000000         
    8 00000000 B470            PUSH             {R4-R6}     ; saving context ac
                                                            cording to calling 
                                                            convention
    9 00000002         
   10 00000002 ED90 0A00       VLDR.f32         S0, [R0]
   11 00000006 EDD1 0A00       VLDR.f32         S1, [R1]
   12 0000000A EE01 5A10       VMOV.f32         S2, R5      ; floating point re
                                                            sult
   13 0000000E F04F 0600       MOV              R6, #0      ; set i = 0
   14 00000012         
   15 00000012         LOOP
   16 00000012 F106 0601       ADD              R6, R6, #1  ;i
   17 00000016 42B2            CMP              R2, R6      ;N & i
   18 00000018 DB0A            BLT              DONE        ;when i < N -> DONE
                                                            
   19 0000001A EB00 0486       ADD              R4, R0, R6, LSL #2 ;array1
   20 0000001E EB01 0586       ADD              R5, R1, R6, LSL #2 ;array2
   21 00000022 EE00 1A20       VMLA.f32         S2, S0, S1
   22 00000026 ED94 0A00       VLDR.f32         S0, [R4]
   23 0000002A EDD5 0A00       VLDR.f32         S1, [R5]
   24 0000002E         ;VMUL.f32 S2, S0, S1
   25 0000002E         ;VADD.f32 S2, S2, S2       ;essentially: result+=a[i]*b[
                       i]
   26 0000002E E7F0            B                LOOP
   27 00000030         
   28 00000030         DONE
   29 00000030 ED83 1A00       VSTR.f32         S2,[R3]
   30 00000034 BC70            POP              {R4-R6}
   31 00000036 4770            BX               LR
   32 00000038                 END
Command Line: --debug --xref --diag_suppress=9931 --cpu=Cortex-M4.fp --apcs=int
erwork --depend=.\objects\asm_dot.d -o.\objects\asm_dot.o -IP:\GXX_Lab1\RTE -IC
:\Keil_v5\ARM\PACK\ARM\CMSIS\5.3.0\CMSIS\Include -IC:\Keil_v5\ARM\PACK\ARM\CMSI
S\5.3.0\Device\ARM\ARMCM4\Include --predefine="__EVAL SETA 1" --predefine="__UV
ISION_VERSION SETA 515" --predefine="_RTE_ SETA 1" --predefine="ARMCM4_FP SETA 
1" --list=.\listings\asm_dot.lst asm\asm_dot.s



ARM Macro Assembler    Page 1 Alphabetic symbol ordering
Relocatable symbols

DONE 00000030

Symbol: DONE
   Definitions
      At line 28 in file asm\asm_dot.s
   Uses
      At line 18 in file asm\asm_dot.s
Comment: DONE used once
LOOP 00000012

Symbol: LOOP
   Definitions
      At line 15 in file asm\asm_dot.s
   Uses
      At line 26 in file asm\asm_dot.s
Comment: LOOP used once
asm_dot 00000000

Symbol: asm_dot
   Definitions
      At line 4 in file asm\asm_dot.s
   Uses
      At line 3 in file asm\asm_dot.s
Comment: asm_dot used once
test 00000000

Symbol: test
   Definitions
      At line 1 in file asm\asm_dot.s
   Uses
      None
Comment: test unused
4 symbols
339 symbols in table
